Archive member included to satisfy reference by file (symbol)

D:/Clion/environment/arm-gnu-toolchain-14.2.rel1-mingw-w64-x86_64-arm-none-eabi/bin/../lib/gcc/arm-none-eabi/14.2.1/thumb/v7-m/nofp\libc_nano.a(libc_a-exit.o)
                              D:/Clion/environment/arm-gnu-toolchain-14.2.rel1-mingw-w64-x86_64-arm-none-eabi/bin/../lib/gcc/arm-none-eabi/14.2.1/thumb/v7-m/nofp/crt0.o (exit)
D:/Clion/environment/arm-gnu-toolchain-14.2.rel1-mingw-w64-x86_64-arm-none-eabi/bin/../lib/gcc/arm-none-eabi/14.2.1/thumb/v7-m/nofp\libc_nano.a(libc_a-findfp.o)
                              D:/Clion/environment/arm-gnu-toolchain-14.2.rel1-mingw-w64-x86_64-arm-none-eabi/bin/../lib/gcc/arm-none-eabi/14.2.1/thumb/v7-m/nofp\libc_nano.a(libc_a-exit.o) (__stdio_exit_handler)
D:/Clion/environment/arm-gnu-toolchain-14.2.rel1-mingw-w64-x86_64-arm-none-eabi/bin/../lib/gcc/arm-none-eabi/14.2.1/thumb/v7-m/nofp\libc_nano.a(libc_a-fwalk.o)
                              D:/Clion/environment/arm-gnu-toolchain-14.2.rel1-mingw-w64-x86_64-arm-none-eabi/bin/../lib/gcc/arm-none-eabi/14.2.1/thumb/v7-m/nofp\libc_nano.a(libc_a-findfp.o) (_fwalk_sglue)
D:/Clion/environment/arm-gnu-toolchain-14.2.rel1-mingw-w64-x86_64-arm-none-eabi/bin/../lib/gcc/arm-none-eabi/14.2.1/thumb/v7-m/nofp\libc_nano.a(libc_a-stdio.o)
                              D:/Clion/environment/arm-gnu-toolchain-14.2.rel1-mingw-w64-x86_64-arm-none-eabi/bin/../lib/gcc/arm-none-eabi/14.2.1/thumb/v7-m/nofp\libc_nano.a(libc_a-findfp.o) (__sread)
D:/Clion/environment/arm-gnu-toolchain-14.2.rel1-mingw-w64-x86_64-arm-none-eabi/bin/../lib/gcc/arm-none-eabi/14.2.1/thumb/v7-m/nofp\libc_nano.a(libc_a-memset.o)
                              D:/Clion/environment/arm-gnu-toolchain-14.2.rel1-mingw-w64-x86_64-arm-none-eabi/bin/../lib/gcc/arm-none-eabi/14.2.1/thumb/v7-m/nofp/crt0.o (memset)
D:/Clion/environment/arm-gnu-toolchain-14.2.rel1-mingw-w64-x86_64-arm-none-eabi/bin/../lib/gcc/arm-none-eabi/14.2.1/thumb/v7-m/nofp\libc_nano.a(libc_a-closer.o)
                              D:/Clion/environment/arm-gnu-toolchain-14.2.rel1-mingw-w64-x86_64-arm-none-eabi/bin/../lib/gcc/arm-none-eabi/14.2.1/thumb/v7-m/nofp\libc_nano.a(libc_a-stdio.o) (_close_r)
D:/Clion/environment/arm-gnu-toolchain-14.2.rel1-mingw-w64-x86_64-arm-none-eabi/bin/../lib/gcc/arm-none-eabi/14.2.1/thumb/v7-m/nofp\libc_nano.a(libc_a-reent.o)
                              D:/Clion/environment/arm-gnu-toolchain-14.2.rel1-mingw-w64-x86_64-arm-none-eabi/bin/../lib/gcc/arm-none-eabi/14.2.1/thumb/v7-m/nofp\libc_nano.a(libc_a-closer.o) (errno)
D:/Clion/environment/arm-gnu-toolchain-14.2.rel1-mingw-w64-x86_64-arm-none-eabi/bin/../lib/gcc/arm-none-eabi/14.2.1/thumb/v7-m/nofp\libc_nano.a(libc_a-impure.o)
                              D:/Clion/environment/arm-gnu-toolchain-14.2.rel1-mingw-w64-x86_64-arm-none-eabi/bin/../lib/gcc/arm-none-eabi/14.2.1/thumb/v7-m/nofp\libc_nano.a(libc_a-reent.o) (_impure_ptr)
D:/Clion/environment/arm-gnu-toolchain-14.2.rel1-mingw-w64-x86_64-arm-none-eabi/bin/../lib/gcc/arm-none-eabi/14.2.1/thumb/v7-m/nofp\libc_nano.a(libc_a-lseekr.o)
                              D:/Clion/environment/arm-gnu-toolchain-14.2.rel1-mingw-w64-x86_64-arm-none-eabi/bin/../lib/gcc/arm-none-eabi/14.2.1/thumb/v7-m/nofp\libc_nano.a(libc_a-stdio.o) (_lseek_r)
D:/Clion/environment/arm-gnu-toolchain-14.2.rel1-mingw-w64-x86_64-arm-none-eabi/bin/../lib/gcc/arm-none-eabi/14.2.1/thumb/v7-m/nofp\libc_nano.a(libc_a-readr.o)
                              D:/Clion/environment/arm-gnu-toolchain-14.2.rel1-mingw-w64-x86_64-arm-none-eabi/bin/../lib/gcc/arm-none-eabi/14.2.1/thumb/v7-m/nofp\libc_nano.a(libc_a-stdio.o) (_read_r)
D:/Clion/environment/arm-gnu-toolchain-14.2.rel1-mingw-w64-x86_64-arm-none-eabi/bin/../lib/gcc/arm-none-eabi/14.2.1/thumb/v7-m/nofp\libc_nano.a(libc_a-writer.o)
                              D:/Clion/environment/arm-gnu-toolchain-14.2.rel1-mingw-w64-x86_64-arm-none-eabi/bin/../lib/gcc/arm-none-eabi/14.2.1/thumb/v7-m/nofp\libc_nano.a(libc_a-stdio.o) (_write_r)
D:/Clion/environment/arm-gnu-toolchain-14.2.rel1-mingw-w64-x86_64-arm-none-eabi/bin/../lib/gcc/arm-none-eabi/14.2.1/thumb/v7-m/nofp\libc_nano.a(libc_a-init.o)
                              D:/Clion/environment/arm-gnu-toolchain-14.2.rel1-mingw-w64-x86_64-arm-none-eabi/bin/../lib/gcc/arm-none-eabi/14.2.1/thumb/v7-m/nofp/crt0.o (__libc_init_array)
D:/Clion/environment/arm-gnu-toolchain-14.2.rel1-mingw-w64-x86_64-arm-none-eabi/bin/../lib/gcc/arm-none-eabi/14.2.1/thumb/v7-m/nofp\libc_nano.a(libc_a-lock.o)
                              D:/Clion/environment/arm-gnu-toolchain-14.2.rel1-mingw-w64-x86_64-arm-none-eabi/bin/../lib/gcc/arm-none-eabi/14.2.1/thumb/v7-m/nofp\libc_nano.a(libc_a-findfp.o) (__retarget_lock_init_recursive)
D:/Clion/environment/arm-gnu-toolchain-14.2.rel1-mingw-w64-x86_64-arm-none-eabi/bin/../lib/gcc/arm-none-eabi/14.2.1/thumb/v7-m/nofp\libc_nano.a(libc_a-freer.o)
[...]
Memory Configuration

Name             Origin             Length             Attributes
RAM              0x20000000         0x00005000         xrw
FLASH            0x08000000         0x00020000         xr
*default*        0x00000000         0xffffffff

Linker script and memory map

LOAD D:/Clion/environment/arm-gnu-toolchain-14.2.rel1-mingw-w64-x86_64-arm-none-eabi/bin/../lib/gcc/arm-none-eabi/14.2.1/thumb/v7-m/nofp/crti.o
LOAD D:/Clion/environment/arm-gnu-toolchain-14.2.rel1-mingw-w64-x86_64-arm-none-eabi/bin/../lib/gcc/arm-none-eabi/14.2.1/thumb/v7-m/nofp/crtbegin.o
LOAD D:/Clion/environment/arm-gnu-toolchain-14.2.rel1-mingw-w64-x86_64-arm-none-eabi/bin/../lib/gcc/arm-none-eabi/14.2.1/thumb/v7-m/nofp/crt0.o
START GROUP
LOAD D:/Clion/environment/arm-gnu-toolchain-14.2.rel1-mingw-w64-x86_64-arm-none-eabi/bin/../lib/gcc/arm-none-eabi/14.2.1/thumb/v7-m/nofp\libc_nano.a
LOAD D:/Clion/environment/arm-gnu-toolchain-14.2.rel1-mingw-w64-x86_64-arm-none-eabi/bin/../lib/gcc/arm-none-eabi/14.2.1/thumb/v7-m/nofp\libm.a
END GROUP
LOAD CMakeFiles/RESEARCH.dir/Core/Src/main.c.obj
LOAD CMakeFiles/RESEARCH.dir/Core/Src/gpio.c.obj
LOAD CMakeFiles/RESEARCH.dir/Core/Src/tim.c.obj
LOAD CMakeFiles/RESEARCH.dir/Core/Src/usart.c.obj
LOAD CMakeFiles/RESEARCH.dir/Core/Src/stm32f1xx_it.c.obj
LOAD CMakeFiles/RESEARCH.dir/Core/Src/stm32f1xx_hal_msp.c.obj
LOAD CMakeFiles/RESEARCH.dir/Drivers/STM32F1xx_HAL_Driver/Src/stm32f1xx_hal_gpio_ex.c.obj
LOAD CMakeFiles/RESEARCH.dir/Drivers/STM32F1xx_HAL_Driver/Src/stm32f1xx_hal_tim.c.obj
LOAD CMakeFiles/RESEARCH.dir/Drivers/STM32F1xx_HAL_Driver/Src/stm32f1xx_hal_tim_ex.c.obj
LOAD CMakeFiles/RESEARCH.dir/Drivers/STM32F1xx_HAL_Driver/Src/stm32f1xx_hal.c.obj
LOAD CMakeFiles/RESEARCH.dir/Drivers/STM32F1xx_HAL_Driver/Src/stm32f1xx_hal_rcc.c.obj
LOAD CMakeFiles/RESEARCH.dir/Drivers/STM32F1xx_HAL_Driver/Src/stm32f1xx_hal_rcc_ex.c.obj
LOAD CMakeFiles/RESEARCH.dir/Drivers/STM32F1xx_HAL_Driver/Src/stm32f1xx_hal_gpio.c.obj
LOAD CMakeFiles/RESEARCH.dir/Drivers/STM32F1xx_HAL_Driver/Src/stm32f1xx_hal_dma.c.obj
LOAD CMakeFiles/RESEARCH.dir/Drivers/STM32F1xx_HAL_Driver/Src/stm32f1xx_hal_cortex.c.obj
LOAD CMakeFiles/RESEARCH.dir/Drivers/STM32F1xx_HAL_Driver/Src/stm32f1xx_hal_pwr.c.obj
LOAD CMakeFiles/RESEARCH.dir/Drivers/STM32F1xx_HAL_Driver/Src/stm32f1xx_hal_flash.c.obj
LOAD CMakeFiles/RESEARCH.dir/Drivers/STM32F1xx_HAL_Driver/Src/stm32f1xx_hal_flash_ex.c.obj
LOAD CMakeFiles/RESEARCH.dir/Drivers/STM32F1xx_HAL_Driver/Src/stm32f1xx_hal_exti.c.obj
LOAD CMakeFiles/RESEARCH.dir/Drivers/STM32F1xx_HAL_Driver/Src/stm32f1xx_hal_uart.c.obj
LOAD CMakeFiles/RESEARCH.dir/Core/Src/system_stm32f1xx.c.obj
LOAD CMakeFiles/RESEARCH.dir/Core/Src/sysmem.c.obj
LOAD CMakeFiles/RESEARCH.dir/Core/Src/syscalls.c.obj
LOAD CMakeFiles/RESEARCH.dir/startup_stm32f103xb.s.obj
START GROUP
LOAD D:/Clion/environment/arm-gnu-toolchain-14.2.rel1-mingw-w64-x86_64-arm-none-eabi/bin/../lib/gcc/arm-none-eabi/14.2.1/thumb/v7-m/nofp\libgcc.a
LOAD D:/Clion/environment/arm-gnu-toolchain-14.2.rel1-mingw-w64-x86_64-arm-none-eabi/bin/../lib/gcc/arm-none-eabi/14.2.1/thumb/v7-m/nofp\libg_nano.a
LOAD D:/Clion/environment/arm-gnu-toolchain-14.2.rel1-mingw-w64-x86_64-arm-none-eabi/bin/../lib/gcc/arm-none-eabi/14.2.1/thumb/v7-m/nofp\libc_nano.a
END GROUP
START GROUP
LOAD D:/Clion/environment/arm-gnu-toolchain-14.2.rel1-mingw-w64-x86_64-arm-none-eabi/bin/../lib/gcc/arm-none-eabi/14.2.1/thumb/v7-m/nofp\libgcc.a
LOAD D:/Clion/environment/arm-gnu-toolchain-14.2.rel1-mingw-w64-x86_64-arm-none-eabi/bin/../lib/gcc/arm-none-eabi/14.2.1/thumb/v7-m/nofp\libc_nano.a
END GROUP
LOAD D:/Clion/environment/arm-gnu-toolchain-14.2.rel1-mingw-w64-x86_64-arm-none-eabi/bin/../lib/gcc/arm-none-eabi/14.2.1/thumb/v7-m/nofp/crtend.o
LOAD D:/Clion/environment/arm-gnu-toolchain-14.2.rel1-mingw-w64-x86_64-arm-none-eabi/bin/../lib/gcc/arm-none-eabi/14.2.1/thumb/v7-m/nofp/crtn.o
                0x20005000                        _estack = (ORIGIN (RAM) + LENGTH (RAM))
                0x00000200                        _Min_Heap_Size = 0x200
                0x00000400                        _Min_Stack_Size = 0x400

.isr_vector     0x08000000      0x10c
                0x08000000                        . = ALIGN (0x4)
 *(.isr_vector)
 .isr_vector    0x08000000      0x10c CMakeFiles/RESEARCH.dir/startup_stm32f103xb.s.obj
                0x08000000                g_pfnVectors
                0x0800010c                        . = ALIGN (0x4)

.text           0x0800010c     0x2298
                0x0800010c                        . = ALIGN (0x4)
 *(.text)
 *(.text*)
 .text.deregister_tm_clones
                0x0800010c       0x1c D:/Clion/environment/arm-gnu-toolchain-14.2.rel1-mingw-w64-x86_64-arm-none-eabi/bin/../lib/gcc/arm-none-eabi/14.2.1/thumb/v7-m/nofp/crtbegin.o
 .text.register_tm_clones
                0x08000128       0x24 D:/Clion/environment/arm-gnu-toolchain-14.2.rel1-mingw-w64-x86_64-arm-none-eabi/bin/../lib/gcc/arm-none-eabi/14.2.1/thumb/v7-m/nofp/crtbegin.o
 .text.__do_global_dtors_aux
                0x0800014c       0x28 D:/Clion/environment/arm-gnu-toolchain-14.2.rel1-mingw-w64-x86_64-arm-none-eabi/bin/../lib/gcc/arm-none-eabi/14.2.1/thumb/v7-m/nofp/crtbegin.o
 .text.frame_dummy
                0x08000174       0x24 D:/Clion/environment/arm-gnu-toolchain-14.2.rel1-mingw-w64-x86_64-arm-none-eabi/bin/../lib/gcc/arm-none-eabi/14.2.1/thumb/v7-m/nofp/crtbegin.o
 .text.memset   0x08000198       0x10 D:/Clion/environment/arm-gnu-toolchain-14.2.rel1-mingw-w64-x86_64-arm-none-eabi/bin/../lib/gcc/arm-none-eabi/14.2.1/thumb/v7-m/nofp\libc_nano.a(libc_a-memset.o)
                0x08000198                memset
 .text.__libc_init_array
                0x080001a8       0x48 D:/Clion/environment/arm-gnu-toolchain-14.2.rel1-mingw-w64-x86_64-arm-none-eabi/bin/../lib/gcc/arm-none-eabi/14.2.1/thumb/v7-m/nofp\libc_nano.a(libc_a-init.o)
                0x080001a8                __libc_init_array
 .text.main     0x080001f0       0x70 CMakeFiles/RESEARCH.dir/Core/Src/main.c.obj
                0x080001f0                main
 .text.SystemClock_Config
                0x08000260       0x7e CMakeFiles/RESEARCH.dir/Core/Src/main.c.obj
                0x08000260                SystemClock_Config
 .text.Error_Handler
                0x080002de        0xc CMakeFiles/RESEARCH.dir/Core/Src/main.c.obj
                0x080002de                Error_Handler
 *fill*         0x080002ea        0x2 
 .text.MX_GPIO_Init
                0x080002ec       0xdc CMakeFiles/RESEARCH.dir/Core/Src/gpio.c.obj
                0x080002ec                MX_GPIO_Init
 .text.MX_TIM3_Init
                0x080003c8       0xec CMakeFiles/RESEARCH.dir/Core/Src/tim.c.obj
                0x080003c8                MX_TIM3_Init
 .text.HAL_TIM_Base_MspInit
                0x080004b4       0x3c CMakeFiles/RESEARCH.dir/Core/Src/tim.c.obj
                0x080004b4                HAL_TIM_Base_MspInit
 .text.HAL_TIM_MspPostInit
                0x080004f0       0x64 CMakeFiles/RESEARCH.dir/Core/Src/tim.c.obj
                0x080004f0                HAL_TIM_MspPostInit
 .text.MX_USART2_UART_Init
                0x08000554       0x54 CMakeFiles/RESEARCH.dir/Core/Src/usart.c.obj
                0x08000554                MX_USART2_UART_Init
 .text.HAL_UART_MspInit
                0x080005a8       0x7c CMakeFiles/RESEARCH.dir/Core/Src/usart.c.obj
                0x080005a8                HAL_UART_MspInit
 .text.NMI_Handler
                0x08000624        0x8 CMakeFiles/RESEARCH.dir/Core/Src/stm32f1xx_it.c.obj
                0x08000624                NMI_Handler
 .text.HardFault_Handler
                0x0800062c        0x8 CMakeFiles/RESEARCH.dir/Core/Src/stm32f1xx_it.c.obj
                0x0800062c                HardFault_Handler
 .text.MemManage_Handler
                0x08000634        0x8 CMakeFiles/RESEARCH.dir/Core/Src/stm32f1xx_it.c.obj
                0x08000634                MemManage_Handler
 .text.BusFault_Handler
                0x0800063c        0x8 CMakeFiles/RESEARCH.dir/Core/Src/stm32f1xx_it.c.obj
                0x0800063c                BusFault_Handler
 .text.UsageFault_Handler
                0x08000644        0x8 CMakeFiles/RESEARCH.dir/Core/Src/stm32f1xx_it.c.obj
                0x08000644                UsageFault_Handler
 .text.SVC_Handler
                0x0800064c        0xc CMakeFiles/RESEARCH.dir/Core/Src/stm32f1xx_it.c.obj
                0x0800064c                SVC_Handler
 .text.DebugMon_Handler
                0x08000658        0xc CMakeFiles/RESEARCH.dir/Core/Src/stm32f1xx_it.c.obj
                0x08000658                DebugMon_Handler
 .text.PendSV_Handler
                0x08000664        0xc CMakeFiles/RESEARCH.dir/Core/Src/stm32f1xx_it.c.obj
                0x08000664                PendSV_Handler
 .text.SysTick_Handler
                0x08000670        0xc CMakeFiles/RESEARCH.dir/Core/Src/stm32f1xx_it.c.obj
                0x08000670                SysTick_Handler
 .text.EXTI15_10_IRQHandler
                0x0800067c       0x10 CMakeFiles/RESEARCH.dir/Core/Src/stm32f1xx_it.c.obj
                0x0800067c                EXTI15_10_IRQHandler
 .text.HAL_MspInit
                0x0800068c       0x64 CMakeFiles/RESEARCH.dir/Core/Src/stm32f1xx_hal_msp.c.obj
                0x0800068c                HAL_MspInit
 .text.HAL_TIM_Base_Init
                0x080006f0       0x9e CMakeFiles/RESEARCH.dir/Drivers/STM32F1xx_HAL_Driver/Src/stm32f1xx_hal_tim.c.obj
                0x080006f0                HAL_TIM_Base_Init
 .text.HAL_TIM_PWM_Init
                0x0800078e       0x9e CMakeFiles/RESEARCH.dir/Drivers/STM32F1xx_HAL_Driver/Src/stm32f1xx_hal_tim.c.obj
                0x0800078e                HAL_TIM_PWM_Init
 .text.HAL_TIM_PWM_MspInit
                0x0800082c       0x12 CMakeFiles/RESEARCH.dir/Drivers/STM32F1xx_HAL_Driver/Src/stm32f1xx_hal_tim.c.obj
                0x0800082c                HAL_TIM_PWM_MspInit
 *fill*         0x0800083e        0x2 
 .text.HAL_TIM_PWM_Start
                0x08000840      0x144 CMakeFiles/RESEARCH.dir/Drivers/STM32F1xx_HAL_Driver/Src/stm32f1xx_hal_tim.c.obj
                0x08000840                HAL_TIM_PWM_Start
 .text.HAL_TIM_PWM_ConfigChannel
                0x08000984      0x184 CMakeFiles/RESEARCH.dir/Drivers/STM32F1xx_HAL_Driver/Src/stm32f1xx_hal_tim.c.obj
                0x08000984                HAL_TIM_PWM_ConfigChannel
 .text.HAL_TIM_ConfigClockSource
                0x08000b08      0x18e CMakeFiles/RESEARCH.dir/Drivers/STM32F1xx_HAL_Driver/Src/stm32f1xx_hal_tim.c.obj
                0x08000b08                HAL_TIM_ConfigClockSource
 *fill*         0x08000c96        0x2 
 .text.TIM_Base_SetConfig
                0x08000c98       0xdc CMakeFiles/RESEARCH.dir/Drivers/STM32F1xx_HAL_Driver/Src/stm32f1xx_hal_tim.c.obj
                0x08000c98                TIM_Base_SetConfig
 .text.TIM_OC1_SetConfig
                0x08000d74       0xcc CMakeFiles/RESEARCH.dir/Drivers/STM32F1xx_HAL_Driver/Src/stm32f1xx_hal_tim.c.obj
 .text.TIM_OC2_SetConfig
                0x08000e40       0xd4 CMakeFiles/RESEARCH.dir/Drivers/STM32F1xx_HAL_Driver/Src/stm32f1xx_hal_tim.c.obj
                0x08000e40                TIM_OC2_SetConfig
 .text.TIM_OC3_SetConfig
                0x08000f14       0xd4 CMakeFiles/RESEARCH.dir/Drivers/STM32F1xx_HAL_Driver/Src/stm32f1xx_hal_tim.c.obj
 .text.TIM_OC4_SetConfig
                0x08000fe8       0x9c CMakeFiles/RESEARCH.dir/Drivers/STM32F1xx_HAL_Driver/Src/stm32f1xx_hal_tim.c.obj
 .text.TIM_TI1_ConfigInputStage
                0x08001084       0x5c CMakeFiles/RESEARCH.dir/Drivers/STM32F1xx_HAL_Driver/Src/stm32f1xx_hal_tim.c.obj
 .text.TIM_TI2_ConfigInputStage
                0x080010e0       0x5e CMakeFiles/RESEARCH.dir/Drivers/STM32F1xx_HAL_Driver/Src/stm32f1xx_hal_tim.c.obj
 .text.TIM_ITRx_SetConfig
                0x0800113e       0x34 CMakeFiles/RESEARCH.dir/Drivers/STM32F1xx_HAL_Driver/Src/stm32f1xx_hal_tim.c.obj
 .text.TIM_ETR_SetConfig
                0x08001172       0x3e CMakeFiles/RESEARCH.dir/Drivers/STM32F1xx_HAL_Driver/Src/stm32f1xx_hal_tim.c.obj
                0x08001172                TIM_ETR_SetConfig
 .text.TIM_CCxChannelCmd
                0x080011b0       0x48 CMakeFiles/RESEARCH.dir/Drivers/STM32F1xx_HAL_Driver/Src/stm32f1xx_hal_tim.c.obj
                0x080011b0                TIM_CCxChannelCmd
 .text.HAL_TIMEx_MasterConfigSynchronization
                0x080011f8       0xbc CMakeFiles/RESEARCH.dir/Drivers/STM32F1xx_HAL_Driver/Src/stm32f1xx_hal_tim_ex.c.obj
                0x080011f8                HAL_TIMEx_MasterConfigSynchronization
 .text.HAL_Init
                0x080012b4       0x2c CMakeFiles/RESEARCH.dir/Drivers/STM32F1xx_HAL_Driver/Src/stm32f1xx_hal.c.obj
                0x080012b4                HAL_Init
 .text.HAL_InitTick
                0x080012e0       0x60 CMakeFiles/RESEARCH.dir/Drivers/STM32F1xx_HAL_Driver/Src/stm32f1xx_hal.c.obj
                0x080012e0                HAL_InitTick
 .text.HAL_IncTick
                0x08001340       0x24 CMakeFiles/RESEARCH.dir/Drivers/STM32F1xx_HAL_Driver/Src/stm32f1xx_hal.c.obj
                0x08001340                HAL_IncTick
 .text.HAL_GetTick
                0x08001364       0x14 CMakeFiles/RESEARCH.dir/Drivers/STM32F1xx_HAL_Driver/Src/stm32f1xx_hal.c.obj
                0x08001364                HAL_GetTick
 .text.HAL_Delay
                0x08001378       0x48 CMakeFiles/RESEARCH.dir/Drivers/STM32F1xx_HAL_Driver/Src/stm32f1xx_hal.c.obj
                0x08001378                HAL_Delay
 .text.HAL_RCC_OscConfig
                0x080013c0      0x504 CMakeFiles/RESEARCH.dir/Drivers/STM32F1xx_HAL_Driver/Src/stm32f1xx_hal_rcc.c.obj
                0x080013c0                HAL_RCC_OscConfig
 .text.HAL_RCC_ClockConfig
                0x080018c4      0x1d4 CMakeFiles/RESEARCH.dir/Drivers/STM32F1xx_HAL_Driver/Src/stm32f1xx_hal_rcc.c.obj
                0x080018c4                HAL_RCC_ClockConfig
 .text.HAL_RCC_GetSysClockFreq
                0x08001a98       0xa8 CMakeFiles/RESEARCH.dir/Drivers/STM32F1xx_HAL_Driver/Src/stm32f1xx_hal_rcc.c.obj
                0x08001a98                HAL_RCC_GetSysClockFreq
 .text.HAL_RCC_GetHCLKFreq
                0x08001b40       0x14 CMakeFiles/RESEARCH.dir/Drivers/STM32F1xx_HAL_Driver/Src/stm32f1xx_hal_rcc.c.obj
                0x08001b40                HAL_RCC_GetHCLKFreq
 .text.HAL_RCC_GetPCLK1Freq
                0x08001b54       0x28 CMakeFiles/RESEARCH.dir/Drivers/STM32F1xx_HAL_Driver/Src/stm32f1xx_hal_rcc.c.obj
                0x08001b54                HAL_RCC_GetPCLK1Freq
 .text.HAL_RCC_GetPCLK2Freq
                0x08001b7c       0x28 CMakeFiles/RESEARCH.dir/Drivers/STM32F1xx_HAL_Driver/Src/stm32f1xx_hal_rcc.c.obj
                0x08001b7c                HAL_RCC_GetPCLK2Freq
 .text.RCC_Delay
                0x08001ba4       0x3c CMakeFiles/RESEARCH.dir/Drivers/STM32F1xx_HAL_Driver/Src/stm32f1xx_hal_rcc.c.obj
 .text.HAL_GPIO_Init
                0x08001be0      0x308 CMakeFiles/RESEARCH.dir/Drivers/STM32F1xx_HAL_Driver/Src/stm32f1xx_hal_gpio.c.obj
                0x08001be0                HAL_GPIO_Init
 .text.HAL_GPIO_WritePin
                0x08001ee8       0x30 CMakeFiles/RESEARCH.dir/Drivers/STM32F1xx_HAL_Driver/Src/stm32f1xx_hal_gpio.c.obj
                0x08001ee8                HAL_GPIO_WritePin
 .text.HAL_GPIO_EXTI_IRQHandler
                0x08001f18       0x30 CMakeFiles/RESEARCH.dir/Drivers/STM32F1xx_HAL_Driver/Src/stm32f1xx_hal_gpio.c.obj
                0x08001f18                HAL_GPIO_EXTI_IRQHandler
 .text.HAL_GPIO_EXTI_Callback
                0x08001f48       0x14 CMakeFiles/RESEARCH.dir/Drivers/STM32F1xx_HAL_Driver/Src/stm32f1xx_hal_gpio.c.obj
                0x08001f48                HAL_GPIO_EXTI_Callback
 .text.__NVIC_SetPriorityGrouping
                0x08001f5c       0x48 CMakeFiles/RESEARCH.dir/Drivers/STM32F1xx_HAL_Driver/Src/stm32f1xx_hal_cortex.c.obj
 .text.__NVIC_GetPriorityGrouping
                0x08001fa4       0x1c CMakeFiles/RESEARCH.dir/Drivers/STM32F1xx_HAL_Driver/Src/stm32f1xx_hal_cortex.c.obj
 .text.__NVIC_EnableIRQ
                0x08001fc0       0x38 CMakeFiles/RESEARCH.dir/Drivers/STM32F1xx_HAL_Driver/Src/stm32f1xx_hal_cortex.c.obj
 .text.__NVIC_SetPriority
                0x08001ff8       0x54 CMakeFiles/RESEARCH.dir/Drivers/STM32F1xx_HAL_Driver/Src/stm32f1xx_hal_cortex.c.obj
 .text.NVIC_EncodePriority
                0x0800204c       0x64 CMakeFiles/RESEARCH.dir/Drivers/STM32F1xx_HAL_Driver/Src/stm32f1xx_hal_cortex.c.obj
 .text.SysTick_Config
                0x080020b0       0x44 CMakeFiles/RESEARCH.dir/Drivers/STM32F1xx_HAL_Driver/Src/stm32f1xx_hal_cortex.c.obj
 .text.HAL_NVIC_SetPriorityGrouping
                0x080020f4       0x16 CMakeFiles/RESEARCH.dir/Drivers/STM32F1xx_HAL_Driver/Src/stm32f1xx_hal_cortex.c.obj
                0x080020f4                HAL_NVIC_SetPriorityGrouping
 .text.HAL_NVIC_SetPriority
                0x0800210a       0x38 CMakeFiles/RESEARCH.dir/Drivers/STM32F1xx_HAL_Driver/Src/stm32f1xx_hal_cortex.c.obj
                0x0800210a                HAL_NVIC_SetPriority
 .text.HAL_NVIC_EnableIRQ
                0x08002142       0x1c CMakeFiles/RESEARCH.dir/Drivers/STM32F1xx_HAL_Driver/Src/stm32f1xx_hal_cortex.c.obj
                0x08002142                HAL_NVIC_EnableIRQ
 .text.HAL_SYSTICK_Config
                0x0800215e       0x18 CMakeFiles/RESEARCH.dir/Drivers/STM32F1xx_HAL_Driver/Src/stm32f1xx_hal_cortex.c.obj
                0x0800215e                HAL_SYSTICK_Config
 .text.HAL_UART_Init
                0x08002176       0xa0 CMakeFiles/RESEARCH.dir/Drivers/STM32F1xx_HAL_Driver/Src/stm32f1xx_hal_uart.c.obj
                0x08002176                HAL_UART_Init
 *fill*         0x08002216        0x2 
 .text.UART_SetConfig
                0x08002218      0x11c CMakeFiles/RESEARCH.dir/Drivers/STM32F1xx_HAL_Driver/Src/stm32f1xx_hal_uart.c.obj
 .text.SystemInit
                0x08002334        0xc CMakeFiles/RESEARCH.dir/Core/Src/system_stm32f1xx.c.obj
                0x08002334                SystemInit
 .text.Reset_Handler
                0x08002340       0x48 CMakeFiles/RESEARCH.dir/startup_stm32f103xb.s.obj
                0x08002340                Reset_Handler
 .text.Default_Handler
                0x08002388        0x2 CMakeFiles/RESEARCH.dir/startup_stm32f103xb.s.obj
                0x08002388                RTC_Alarm_IRQHandler
                0x08002388                EXTI2_IRQHandler
                0x08002388                TIM1_CC_IRQHandler
                0x08002388                PVD_IRQHandler
                0x08002388                EXTI3_IRQHandler
                0x08002388                EXTI0_IRQHandler
                0x08002388                I2C2_EV_IRQHandler
                0x08002388                ADC1_2_IRQHandler
                0x08002388                SPI1_IRQHandler
                0x08002388                TAMPER_IRQHandler
                0x08002388                DMA1_Channel4_IRQHandler
                0x08002388                USART3_IRQHandler
                0x08002388                RTC_IRQHandler
                0x08002388                DMA1_Channel7_IRQHandler
                0x08002388                CAN1_RX1_IRQHandler
                0x08002388                TIM4_IRQHandler
                0x08002388                I2C1_EV_IRQHandler
                0x08002388                DMA1_Channel6_IRQHandler
                0x08002388                TIM3_IRQHandler
                0x08002388                RCC_IRQHandler
                0x08002388                TIM1_TRG_COM_IRQHandler
                0x08002388                DMA1_Channel1_IRQHandler
                0x08002388                Default_Handler
                0x08002388                EXTI9_5_IRQHandler
                0x08002388                SPI2_IRQHandler
                0x08002388                DMA1_Channel5_IRQHandler
                0x08002388                EXTI4_IRQHandler
                0x08002388                USB_LP_CAN1_RX0_IRQHandler
                0x08002388                USB_HP_CAN1_TX_IRQHandler
                0x08002388                DMA1_Channel3_IRQHandler
                0x08002388                TIM1_UP_IRQHandler
                0x08002388                WWDG_IRQHandler
                0x08002388                TIM2_IRQHandler
                0x08002388                TIM1_BRK_IRQHandler
                0x08002388                EXTI1_IRQHandler
                0x08002388                USART2_IRQHandler
                0x08002388                I2C2_ER_IRQHandler
                0x08002388                DMA1_Channel2_IRQHandler
                0x08002388                CAN1_SCE_IRQHandler
                0x08002388                FLASH_IRQHandler
                0x08002388                USART1_IRQHandler
                0x08002388                I2C1_ER_IRQHandler
                0x08002388                USBWakeUp_IRQHandler
 *(.glue_7)
 .glue_7        0x0800238a        0x0 linker stubs
 *(.glue_7t)
 .glue_7t       0x0800238a        0x0 linker stubs
 *(.eh_frame)
 *fill*         0x0800238a        0x2 
 .eh_frame      0x0800238c        0x0 D:/Clion/environment/arm-gnu-toolchain-14.2.rel1-mingw-w64-x86_64-arm-none-eabi/bin/../lib/gcc/arm-none-eabi/14.2.1/thumb/v7-m/nofp/crtbegin.o
 *(.init)
 .init          0x0800238c        0x4 D:/Clion/environment/arm-gnu-toolchain-14.2.rel1-mingw-w64-x86_64-arm-none-eabi/bin/../lib/gcc/arm-none-eabi/14.2.1/thumb/v7-m/nofp/crti.o
                0x0800238c                _init
 .init          0x08002390        0x8 D:/Clion/environment/arm-gnu-toolchain-14.2.rel1-mingw-w64-x86_64-arm-none-eabi/bin/../lib/gcc/arm-none-eabi/14.2.1/thumb/v7-m/nofp/crtn.o
 *(.fini)
 .fini          0x08002398        0x4 D:/Clion/environment/arm-gnu-toolchain-14.2.rel1-mingw-w64-x86_64-arm-none-eabi/bin/../lib/gcc/arm-none-eabi/14.2.1/thumb/v7-m/nofp/crti.o
                0x08002398                _fini
 .fini          0x0800239c        0x8 D:/Clion/environment/arm-gnu-toolchain-14.2.rel1-mingw-w64-x86_64-arm-none-eabi/bin/../lib/gcc/arm-none-eabi/14.2.1/thumb/v7-m/nofp/crtn.o
                0x080023a4                        . = ALIGN (0x4)
                0x080023a4                        _etext = .

.vfp11_veneer   0x080023a4        0x0
 .vfp11_veneer  0x080023a4        0x0 linker stubs

.v4_bx          0x080023a4        0x0
 .v4_bx         0x080023a4        0x0 linker stubs

.iplt           0x080023a4        0x0
 .iplt          0x080023a4        0x0 D:/Clion/environment/arm-gnu-toolchain-14.2.rel1-mingw-w64-x86_64-arm-none-eabi/bin/../lib/gcc/arm-none-eabi/14.2.1/thumb/v7-m/nofp/crtbegin.o

.rodata         0x080023a4       0x2c
                0x080023a4                        . = ALIGN (0x4)
 *(.rodata)
 *(.rodata*)
 .rodata.aPLLMULFactorTable.1
                0x080023a4       0x10 CMakeFiles/RESEARCH.dir/Drivers/STM32F1xx_HAL_Driver/Src/stm32f1xx_hal_rcc.c.obj
 .rodata.aPredivFactorTable.0
                0x080023b4        0x2 CMakeFiles/RESEARCH.dir/Drivers/STM32F1xx_HAL_Driver/Src/stm32f1xx_hal_rcc.c.obj
 *fill*         0x080023b6        0x2 
 .rodata.AHBPrescTable
                0x080023b8       0x10 CMakeFiles/RESEARCH.dir/Core/Src/system_stm32f1xx.c.obj
                0x080023b8                AHBPrescTable
 .rodata.APBPrescTable
                0x080023c8        0x8 CMakeFiles/RESEARCH.dir/Core/Src/system_stm32f1xx.c.obj
                0x080023c8                APBPrescTable
                0x080023d0                        . = ALIGN (0x4)

.rel.dyn        0x080023d0        0x0
 .rel.iplt      0x080023d0        0x0 D:/Clion/environment/arm-gnu-toolchain-14.2.rel1-mingw-w64-x86_64-arm-none-eabi/bin/../lib/gcc/arm-none-eabi/14.2.1/thumb/v7-m/nofp/crtbegin.o

.ARM.extab
 *(.ARM.extab* .gnu.linkonce.armextab.*)

.ARM            0x080023d0        0x0
                0x080023d0                        __exidx_start = .
 *(.ARM.exidx*)
                0x080023d0                        __exidx_end = .

.preinit_array  0x080023d0        0x0
                0x080023d0                        PROVIDE (__preinit_array_start = .)
 *(.preinit_array*)
                0x080023d0                        PROVIDE (__preinit_array_end = .)

.init_array     0x080023d0        0x4
                0x080023d0                        PROVIDE (__init_array_start = .)
 *(SORT_BY_NAME(.init_array.*))
 *(.init_array*)
 .init_array    0x080023d0        0x4 D:/Clion/environment/arm-gnu-toolchain-14.2.rel1-mingw-w64-x86_64-arm-none-eabi/bin/../lib/gcc/arm-none-eabi/14.2.1/thumb/v7-m/nofp/crtbegin.o
                0x080023d4                        PROVIDE (__init_array_end = .)

.fini_array     0x080023d4        0x4
                [!provide]                        PROVIDE (__fini_array_start = .)
 *(SORT_BY_NAME(.fini_array.*))
 *(.fini_array*)
 .fini_array    0x080023d4        0x4 D:/Clion/environment/arm-gnu-toolchain-14.2.rel1-mingw-w64-x86_64-arm-none-eabi/bin/../lib/gcc/arm-none-eabi/14.2.1/thumb/v7-m/nofp/crtbegin.o
                [!provide]                        PROVIDE (__fini_array_end = .)
                0x080023d8                        _sidata = LOADADDR (.data)

.data           0x20000000        0xc load address 0x080023d8
                0x20000000                        . = ALIGN (0x4)
                0x20000000                        _sdata = .
 *(.data)
 *(.data*)
 .data.uwTickPrio
                0x20000000        0x4 CMakeFiles/RESEARCH.dir/Drivers/STM32F1xx_HAL_Driver/Src/stm32f1xx_hal.c.obj
                0x20000000                uwTickPrio
 .data.uwTickFreq
                0x20000004        0x1 CMakeFiles/RESEARCH.dir/Drivers/STM32F1xx_HAL_Driver/Src/stm32f1xx_hal.c.obj
                0x20000004                uwTickFreq
 *fill*         0x20000005        0x3 
 .data.SystemCoreClock
                0x20000008        0x4 CMakeFiles/RESEARCH.dir/Core/Src/system_stm32f1xx.c.obj
                0x20000008                SystemCoreClock
                0x2000000c                        . = ALIGN (0x4)
                0x2000000c                        _edata = .

.tm_clone_table
                0x2000000c        0x0 load address 0x080023e4
 .tm_clone_table
                0x2000000c        0x0 D:/Clion/environment/arm-gnu-toolchain-14.2.rel1-mingw-w64-x86_64-arm-none-eabi/bin/../lib/gcc/arm-none-eabi/14.2.1/thumb/v7-m/nofp/crtbegin.o
 .tm_clone_table
                0x2000000c        0x0 D:/Clion/environment/arm-gnu-toolchain-14.2.rel1-mingw-w64-x86_64-arm-none-eabi/bin/../lib/gcc/arm-none-eabi/14.2.1/thumb/v7-m/nofp/crtend.o

.igot.plt       0x2000000c        0x0 load address 0x080023e4
 .igot.plt      0x2000000c        0x0 D:/Clion/environment/arm-gnu-toolchain-14.2.rel1-mingw-w64-x86_64-arm-none-eabi/bin/../lib/gcc/arm-none-eabi/14.2.1/thumb/v7-m/nofp/crtbegin.o
                0x2000000c                        . = ALIGN (0x4)

.bss            0x2000000c       0xb0 load address 0x080023e4
                0x2000000c                        _sbss = .
                0x2000000c                        __bss_start__ = _sbss
 *(.bss)
 *(.bss*)
 .bss.completed.1
                0x2000000c        0x1 D:/Clion/environment/arm-gnu-toolchain-14.2.rel1-mingw-w64-x86_64-arm-none-eabi/bin/../lib/gcc/arm-none-eabi/14.2.1/thumb/v7-m/nofp/crtbegin.o
 *fill*         0x2000000d        0x3 
 .bss.object.0  0x20000010       0x18 D:/Clion/environment/arm-gnu-toolchain-14.2.rel1-mingw-w64-x86_64-arm-none-eabi/bin/../lib/gcc/arm-none-eabi/14.2.1/thumb/v7-m/nofp/crtbegin.o
 .bss.htim3     0x20000028       0x48 CMakeFiles/RESEARCH.dir/Core/Src/tim.c.obj
                0x20000028                htim3
 .bss.huart2    0x20000070       0x48 CMakeFiles/RESEARCH.dir/Core/Src/usart.c.obj
                0x20000070                huart2
 .bss.uwTick    0x200000b8        0x4 CMakeFiles/RESEARCH.dir/Drivers/STM32F1xx_HAL_Driver/Src/stm32f1xx_hal.c.obj
                0x200000b8                uwTick
 *(COMMON)
                0x200000bc                        . = ALIGN (0x4)
                0x200000bc                        _ebss = .
                0x200000bc                        __bss_end__ = _ebss

._user_heap_stack
                0x200000bc      0x604 load address 0x080023e4
                0x200000c0                        . = ALIGN (0x8)
 *fill*         0x200000bc        0x4 
                [!provide]                        PROVIDE (end = .)
                0x200000c0                        PROVIDE (_end = .)
                0x200002c0                        . = (. + _Min_Heap_Size)
 *fill*         0x200000c0      0x200 
                0x200006c0                        . = (. + _Min_Stack_Size)
 *fill*         0x200002c0      0x400 
                0x200006c0                        . = ALIGN (0x8)

/DISCARD/
 libc.a(*)
 libm.a(*)
 libgcc.a(*)
OUTPUT(RESEARCH.elf elf32-littlearm)
LOAD linker stubs
LOAD D:/Clion/environment/arm-gnu-toolchain-14.2.rel1-mingw-w64-x86_64-arm-none-eabi/bin/../lib/gcc/arm-none-eabi/14.2.1/thumb/v7-m/nofp\libc.a
LOAD D:/Clion/environment/arm-gnu-toolchain-14.2.rel1-mingw-w64-x86_64-arm-none-eabi/bin/../lib/gcc/arm-none-eabi/14.2.1/thumb/v7-m/nofp\libm.a
LOAD D:/Clion/environment/arm-gnu-toolchain-14.2.rel1-mingw-w64-x86_64-arm-none-eabi/bin/../lib/gcc/arm-none-eabi/14.2.1/thumb/v7-m/nofp\libgcc.a

.ARM.attributes
                0x00000000       0x29
 .ARM.attributes
                0x00000000       0x1d D:/Clion/environment/arm-gnu-toolchain-14.2.rel1-mingw-w64-x86_64-arm-none-eabi/bin/../lib/gcc/arm-none-eabi/14.2.1/thumb/v7-m/nofp/crti.o
 .ARM.attributes
                0x0000001d       0x2d D:/Clion/environment/arm-gnu-toolchain-14.2.rel1-mingw-w64-x86_64-arm-none-eabi/bin/../lib/gcc/arm-none-eabi/14.2.1/thumb/v7-m/nofp/crtbegin.o
 .ARM.attributes
                0x0000004a       0x2d D:/Clion/environment/arm-gnu-toolchain-14.2.rel1-mingw-w64-x86_64-arm-none-eabi/bin/../lib/gcc/arm-none-eabi/14.2.1/thumb/v7-m/nofp\libc_nano.a(libc_a-memset.o)
 .ARM.attributes
                0x00000077       0x2d D:/Clion/environment/arm-gnu-toolchain-14.2.rel1-mingw-w64-x86_64-arm-none-eabi/bin/../lib/gcc/arm-none-eabi/14.2.1/thumb/v7-m/nofp\libc_nano.a(libc_a-init.o)
 .ARM.attributes
                0x000000a4       0x2d CMakeFiles/RESEARCH.dir/Core/Src/main.c.obj
 .ARM.attributes
                0x000000d1       0x2d CMakeFiles/RESEARCH.dir/Core/Src/gpio.c.obj
 .ARM.attributes
                0x000000fe       0x2d CMakeFiles/RESEARCH.dir/Core/Src/tim.c.obj
 .ARM.attributes
                0x0000012b       0x2d CMakeFiles/RESEARCH.dir/Core/Src/usart.c.obj
 .ARM.attributes
                0x00000158       0x2d CMakeFiles/RESEARCH.dir/Core/Src/stm32f1xx_it.c.obj
 .ARM.attributes
                0x00000185       0x2d CMakeFiles/RESEARCH.dir/Core/Src/stm32f1xx_hal_msp.c.obj
 .ARM.attributes
                0x000001b2       0x2d CMakeFiles/RESEARCH.dir/Drivers/STM32F1xx_HAL_Driver/Src/stm32f1xx_hal_tim.c.obj
 .ARM.attributes
                0x000001df       0x2d CMakeFiles/RESEARCH.dir/Drivers/STM32F1xx_HAL_Driver/Src/stm32f1xx_hal_tim_ex.c.obj
 .ARM.attributes
                0x0000020c       0x2d CMakeFiles/RESEARCH.dir/Drivers/STM32F1xx_HAL_Driver/Src/stm32f1xx_hal.c.obj
 .ARM.attributes
                0x00000239       0x2d CMakeFiles/RESEARCH.dir/Drivers/STM32F1xx_HAL_Driver/Src/stm32f1xx_hal_rcc.c.obj
 .ARM.attributes
                0x00000266       0x2d CMakeFiles/RESEARCH.dir/Drivers/STM32F1xx_HAL_Driver/Src/stm32f1xx_hal_gpio.c.obj
 .ARM.attributes
                0x00000293       0x2d CMakeFiles/RESEARCH.dir/Drivers/STM32F1xx_HAL_Driver/Src/stm32f1xx_hal_cortex.c.obj
 .ARM.attributes
                0x000002c0       0x2d CMakeFiles/RESEARCH.dir/Drivers/STM32F1xx_HAL_Driver/Src/stm32f1xx_hal_uart.c.obj
 .ARM.attributes
                0x000002ed       0x2d CMakeFiles/RESEARCH.dir/Core/Src/system_stm32f1xx.c.obj
 .ARM.attributes
                0x0000031a       0x21 CMakeFiles/RESEARCH.dir/startup_stm32f103xb.s.obj
 .ARM.attributes
                0x0000033b       0x2d D:/Clion/environment/arm-gnu-toolchain-14.2.rel1-mingw-w64-x86_64-arm-none-eabi/bin/../lib/gcc/arm-none-eabi/14.2.1/thumb/v7-m/nofp/crtend.o
 .ARM.attributes
                0x00000368       0x1d D:/Clion/environment/arm-gnu-toolchain-14.2.rel1-mingw-w64-x86_64-arm-none-eabi/bin/../lib/gcc/arm-none-eabi/14.2.1/thumb/v7-m/nofp/crtn.o

.comment        0x00000000       0x45
 .comment       0x00000000       0x45 CMakeFiles/RESEARCH.dir/Core/Src/main.c.obj
                                 0x46 (size before relaxing)
 .comment       0x00000045       0x46 CMakeFiles/RESEARCH.dir/Core/Src/gpio.c.obj
 .comment       0x00000045       0x46 CMakeFiles/RESEARCH.dir/Core/Src/tim.c.obj
 .comment       0x00000045       0x46 CMakeFiles/RESEARCH.dir/Core/Src/usart.c.obj
 .comment       0x00000045       0x46 CMakeFiles/RESEARCH.dir/Core/Src/stm32f1xx_it.c.obj
 .comment       0x00000045       0x46 CMakeFiles/RESEARCH.dir/Core/Src/stm32f1xx_hal_msp.c.obj
 .comment       0x00000045       0x46 CMakeFiles/RESEARCH.dir/Drivers/STM32F1xx_HAL_Driver/Src/stm32f1xx_hal_tim.c.obj
 .comment       0x00000045       0x46 CMakeFiles/RESEARCH.dir/Drivers/STM32F1xx_HAL_Driver/Src/stm32f1xx_hal_tim_ex.c.obj
 .comment       0x00000045       0x46 CMakeFiles/RESEARCH.dir/Drivers/STM32F1xx_HAL_Driver/Src/stm32f1xx_hal.c.obj
 .comment       0x00000045       0x46 CMakeFiles/RESEARCH.dir/Drivers/STM32F1xx_HAL_Driver/Src/stm32f1xx_hal_rcc.c.obj
 .comment       0x00000045       0x46 CMakeFiles/RESEARCH.dir/Drivers/STM32F1xx_HAL_Driver/Src/stm32f1xx_hal_gpio.c.obj
 .comment       0x00000045       0x46 CMakeFiles/RESEARCH.dir/Drivers/STM32F1xx_HAL_Driver/Src/stm32f1xx_hal_cortex.c.obj
 .comment       0x00000045       0x46 CMakeFiles/RESEARCH.dir/Drivers/STM32F1xx_HAL_Driver/Src/stm32f1xx_hal_uart.c.obj
 .comment       0x00000045       0x46 CMakeFiles/RESEARCH.dir/Core/Src/system_stm32f1xx.c.obj

.debug_frame    0x00000000     0x2fac
 .debug_frame   0x00000000       0x20 D:/Clion/environment/arm-gnu-toolchain-14.2.rel1-mingw-w64-x86_64-arm-none-eabi/bin/../lib/gcc/arm-none-eabi/14.2.1/thumb/v7-m/nofp\libc_nano.a(libc_a-memset.o)
 .debug_frame   0x00000020       0x2c D:/Clion/environment/arm-gnu-toolchain-14.2.rel1-mingw-w64-x86_64-arm-none-eabi/bin/../lib/gcc/arm-none-eabi/14.2.1/thumb/v7-m/nofp\libc_nano.a(libc_a-init.o)
 .debug_frame   0x0000004c       0x6c CMakeFiles/RESEARCH.dir/Core/Src/main.c.obj
 .debug_frame   0x000000b8       0x34 CMakeFiles/RESEARCH.dir/Core/Src/gpio.c.obj
 .debug_frame   0x000000ec       0xa8 CMakeFiles/RESEARCH.dir/Core/Src/tim.c.obj
 .debug_frame   0x00000194       0x74 CMakeFiles/RESEARCH.dir/Core/Src/usart.c.obj
 .debug_frame   0x00000208      0x120 CMakeFiles/RESEARCH.dir/Core/Src/stm32f1xx_it.c.obj
 .debug_frame   0x00000328       0x38 CMakeFiles/RESEARCH.dir/Core/Src/stm32f1xx_hal_msp.c.obj
 .debug_frame   0x00000360     0x11b8 CMakeFiles/RESEARCH.dir/Drivers/STM32F1xx_HAL_Driver/Src/stm32f1xx_hal_tim.c.obj
 .debug_frame   0x00001518      0x638 CMakeFiles/RESEARCH.dir/Drivers/STM32F1xx_HAL_Driver/Src/stm32f1xx_hal_tim_ex.c.obj
 .debug_frame   0x00001b50      0x334 CMakeFiles/RESEARCH.dir/Drivers/STM32F1xx_HAL_Driver/Src/stm32f1xx_hal.c.obj
 .debug_frame   0x00001e84      0x218 CMakeFiles/RESEARCH.dir/Drivers/STM32F1xx_HAL_Driver/Src/stm32f1xx_hal_rcc.c.obj
 .debug_frame   0x0000209c      0x14c CMakeFiles/RESEARCH.dir/Drivers/STM32F1xx_HAL_Driver/Src/stm32f1xx_hal_gpio.c.obj
 .debug_frame   0x000021e8      0x428 CMakeFiles/RESEARCH.dir/Drivers/STM32F1xx_HAL_Driver/Src/stm32f1xx_hal_cortex.c.obj
 .debug_frame   0x00002610      0x944 CMakeFiles/RESEARCH.dir/Drivers/STM32F1xx_HAL_Driver/Src/stm32f1xx_hal_uart.c.obj
 .debug_frame   0x00002f54       0x58 CMakeFiles/RESEARCH.dir/Core/Src/system_stm32f1xx.c.obj

.debug_info     0x00000000     0xaffe
 .debug_info    0x00000000      0x87c CMakeFiles/RESEARCH.dir/Core/Src/main.c.obj
 .debug_info    0x0000087c      0x44e CMakeFiles/RESEARCH.dir/Core/Src/gpio.c.obj
 .debug_info    0x00000cca      0xa22 CMakeFiles/RESEARCH.dir/Core/Src/tim.c.obj
 .debug_info    0x000016ec      0x798 CMakeFiles/RESEARCH.dir/Core/Src/usart.c.obj
 .debug_info    0x00001e84      0x14b CMakeFiles/RESEARCH.dir/Core/Src/stm32f1xx_it.c.obj
 .debug_info    0x00001fcf      0x1f1 CMakeFiles/RESEARCH.dir/Core/Src/stm32f1xx_hal_msp.c.obj
 .debug_info    0x000021c0     0x2959 CMakeFiles/RESEARCH.dir/Drivers/STM32F1xx_HAL_Driver/Src/stm32f1xx_hal_tim.c.obj
 .debug_info    0x00004b19     0x149b CMakeFiles/RESEARCH.dir/Drivers/STM32F1xx_HAL_Driver/Src/stm32f1xx_hal_tim_ex.c.obj
 .debug_info    0x00005fb4      0x704 CMakeFiles/RESEARCH.dir/Drivers/STM32F1xx_HAL_Driver/Src/stm32f1xx_hal.c.obj
 .debug_info    0x000066b8      0x7d5 CMakeFiles/RESEARCH.dir/Drivers/STM32F1xx_HAL_Driver/Src/stm32f1xx_hal_rcc.c.obj
 .debug_info    0x00006e8d      0x5ab CMakeFiles/RESEARCH.dir/Drivers/STM32F1xx_HAL_Driver/Src/stm32f1xx_hal_gpio.c.obj
 .debug_info    0x00007438      0xa87 CMakeFiles/RESEARCH.dir/Drivers/STM32F1xx_HAL_Driver/Src/stm32f1xx_hal_cortex.c.obj
 .debug_info    0x00007ebf     0x2eed CMakeFiles/RESEARCH.dir/Drivers/STM32F1xx_HAL_Driver/Src/stm32f1xx_hal_uart.c.obj
 .debug_info    0x0000adac      0x222 CMakeFiles/RESEARCH.dir/Core/Src/system_stm32f1xx.c.obj
 .debug_info    0x0000afce       0x30 CMakeFiles/RESEARCH.dir/startup_stm32f103xb.s.obj

.debug_abbrev   0x00000000     0x1bee
 .debug_abbrev  0x00000000      0x232 CMakeFiles/RESEARCH.dir/Core/Src/main.c.obj
 .debug_abbrev  0x00000232      0x161 CMakeFiles/RESEARCH.dir/Core/Src/gpio.c.obj
 .debug_abbrev  0x00000393      0x230 CMakeFiles/RESEARCH.dir/Core/Src/tim.c.obj
 .debug_abbrev  0x000005c3      0x1e6 CMakeFiles/RESEARCH.dir/Core/Src/usart.c.obj
 .debug_abbrev  0x000007a9       0xa0 CMakeFiles/RESEARCH.dir/Core/Src/stm32f1xx_it.c.obj
 .debug_abbrev  0x00000849       0xdb CMakeFiles/RESEARCH.dir/Core/Src/stm32f1xx_hal_msp.c.obj
 .debug_abbrev  0x00000924      0x277 CMakeFiles/RESEARCH.dir/Drivers/STM32F1xx_HAL_Driver/Src/stm32f1xx_hal_tim.c.obj
 .debug_abbrev  0x00000b9b      0x282 CMakeFiles/RESEARCH.dir/Drivers/STM32F1xx_HAL_Driver/Src/stm32f1xx_hal_tim_ex.c.obj
 .debug_abbrev  0x00000e1d      0x201 CMakeFiles/RESEARCH.dir/Drivers/STM32F1xx_HAL_Driver/Src/stm32f1xx_hal.c.obj
 .debug_abbrev  0x0000101e      0x2b3 CMakeFiles/RESEARCH.dir/Drivers/STM32F1xx_HAL_Driver/Src/stm32f1xx_hal_rcc.c.obj
 .debug_abbrev  0x000012d1      0x1ca CMakeFiles/RESEARCH.dir/Drivers/STM32F1xx_HAL_Driver/Src/stm32f1xx_hal_gpio.c.obj
 .debug_abbrev  0x0000149b      0x2f8 CMakeFiles/RESEARCH.dir/Drivers/STM32F1xx_HAL_Driver/Src/stm32f1xx_hal_cortex.c.obj
 .debug_abbrev  0x00001793      0x2f8 CMakeFiles/RESEARCH.dir/Drivers/STM32F1xx_HAL_Driver/Src/stm32f1xx_hal_uart.c.obj
 .debug_abbrev  0x00001a8b      0x13f CMakeFiles/RESEARCH.dir/Core/Src/system_stm32f1xx.c.obj
 .debug_abbrev  0x00001bca       0x24 CMakeFiles/RESEARCH.dir/startup_stm32f103xb.s.obj

.debug_aranges  0x00000000      0xb98
 .debug_aranges
                0x00000000       0x30 CMakeFiles/RESEARCH.dir/Core/Src/main.c.obj
 .debug_aranges
                0x00000030       0x20 CMakeFiles/RESEARCH.dir/Core/Src/gpio.c.obj
 .debug_aranges
                0x00000050       0x38 CMakeFiles/RESEARCH.dir/Core/Src/tim.c.obj
 .debug_aranges
                0x00000088       0x30 CMakeFiles/RESEARCH.dir/Core/Src/usart.c.obj
 .debug_aranges
                0x000000b8       0x68 CMakeFiles/RESEARCH.dir/Core/Src/stm32f1xx_it.c.obj
 .debug_aranges
                0x00000120       0x20 CMakeFiles/RESEARCH.dir/Core/Src/stm32f1xx_hal_msp.c.obj
 .debug_aranges
                0x00000140      0x3d0 CMakeFiles/RESEARCH.dir/Drivers/STM32F1xx_HAL_Driver/Src/stm32f1xx_hal_tim.c.obj
 .debug_aranges
                0x00000510      0x168 CMakeFiles/RESEARCH.dir/Drivers/STM32F1xx_HAL_Driver/Src/stm32f1xx_hal_tim_ex.c.obj
 .debug_aranges
                0x00000678       0xe0 CMakeFiles/RESEARCH.dir/Drivers/STM32F1xx_HAL_Driver/Src/stm32f1xx_hal.c.obj
 .debug_aranges
                0x00000758       0x90 CMakeFiles/RESEARCH.dir/Drivers/STM32F1xx_HAL_Driver/Src/stm32f1xx_hal_rcc.c.obj
 .debug_aranges
                0x000007e8       0x58 CMakeFiles/RESEARCH.dir/Drivers/STM32F1xx_HAL_Driver/Src/stm32f1xx_hal_gpio.c.obj
 .debug_aranges
                0x00000840      0x100 CMakeFiles/RESEARCH.dir/Drivers/STM32F1xx_HAL_Driver/Src/stm32f1xx_hal_cortex.c.obj
 .debug_aranges
                0x00000940      0x208 CMakeFiles/RESEARCH.dir/Drivers/STM32F1xx_HAL_Driver/Src/stm32f1xx_hal_uart.c.obj
 .debug_aranges
                0x00000b48       0x28 CMakeFiles/RESEARCH.dir/Core/Src/system_stm32f1xx.c.obj
 .debug_aranges
                0x00000b70       0x28 CMakeFiles/RESEARCH.dir/startup_stm32f103xb.s.obj

.debug_rnglists
                0x00000000      0x90b
 .debug_rnglists
                0x00000000       0x1f CMakeFiles/RESEARCH.dir/Core/Src/main.c.obj
 .debug_rnglists
                0x0000001f       0x14 CMakeFiles/RESEARCH.dir/Core/Src/gpio.c.obj
 .debug_rnglists
                0x00000033       0x26 CMakeFiles/RESEARCH.dir/Core/Src/tim.c.obj
 .debug_rnglists
                0x00000059       0x1f CMakeFiles/RESEARCH.dir/Core/Src/usart.c.obj
 .debug_rnglists
                0x00000078       0x49 CMakeFiles/RESEARCH.dir/Core/Src/stm32f1xx_it.c.obj
 .debug_rnglists
                0x000000c1       0x13 CMakeFiles/RESEARCH.dir/Core/Src/stm32f1xx_hal_msp.c.obj
 .debug_rnglists
                0x000000d4      0x31a CMakeFiles/RESEARCH.dir/Drivers/STM32F1xx_HAL_Driver/Src/stm32f1xx_hal_tim.c.obj
 .debug_rnglists
                0x000003ee      0x125 CMakeFiles/RESEARCH.dir/Drivers/STM32F1xx_HAL_Driver/Src/stm32f1xx_hal_tim_ex.c.obj
 .debug_rnglists
                0x00000513       0xa3 CMakeFiles/RESEARCH.dir/Drivers/STM32F1xx_HAL_Driver/Src/stm32f1xx_hal.c.obj
 .debug_rnglists
                0x000005b6       0x6c CMakeFiles/RESEARCH.dir/Drivers/STM32F1xx_HAL_Driver/Src/stm32f1xx_hal_rcc.c.obj
 .debug_rnglists
                0x00000622       0x3f CMakeFiles/RESEARCH.dir/Drivers/STM32F1xx_HAL_Driver/Src/stm32f1xx_hal_gpio.c.obj
 .debug_rnglists
                0x00000661       0xbb CMakeFiles/RESEARCH.dir/Drivers/STM32F1xx_HAL_Driver/Src/stm32f1xx_hal_cortex.c.obj
 .debug_rnglists
                0x0000071c      0x1bc CMakeFiles/RESEARCH.dir/Drivers/STM32F1xx_HAL_Driver/Src/stm32f1xx_hal_uart.c.obj
 .debug_rnglists
                0x000008d8       0x1a CMakeFiles/RESEARCH.dir/Core/Src/system_stm32f1xx.c.obj
 .debug_rnglists
                0x000008f2       0x19 CMakeFiles/RESEARCH.dir/startup_stm32f103xb.s.obj

.debug_macro    0x00000000    0x17085
 .debug_macro   0x00000000      0x1d4 CMakeFiles/RESEARCH.dir/Core/Src/main.c.obj
 .debug_macro   0x000001d4      0xacc CMakeFiles/RESEARCH.dir/Core/Src/main.c.obj
 .debug_macro   0x00000ca0      0x21b CMakeFiles/RESEARCH.dir/Core/Src/main.c.obj
 .debug_macro   0x00000ebb       0x2e CMakeFiles/RESEARCH.dir/Core/Src/main.c.obj
 .debug_macro   0x00000ee9       0x22 CMakeFiles/RESEARCH.dir/Core/Src/main.c.obj
 .debug_macro   0x00000f0b       0x22 CMakeFiles/RESEARCH.dir/Core/Src/main.c.obj
 .debug_macro   0x00000f2d       0x8e CMakeFiles/RESEARCH.dir/Core/Src/main.c.obj
 .debug_macro   0x00000fbb       0x51 CMakeFiles/RESEARCH.dir/Core/Src/main.c.obj
 .debug_macro   0x0000100c      0x103 CMakeFiles/RESEARCH.dir/Core/Src/main.c.obj
 .debug_macro   0x0000110f       0x6a CMakeFiles/RESEARCH.dir/Core/Src/main.c.obj
 .debug_macro   0x00001179      0x1df CMakeFiles/RESEARCH.dir/Core/Src/main.c.obj
 .debug_macro   0x00001358       0x1c CMakeFiles/RESEARCH.dir/Core/Src/main.c.obj
 .debug_macro   0x00001374       0x22 CMakeFiles/RESEARCH.dir/Core/Src/main.c.obj
 .debug_macro   0x00001396       0xbd CMakeFiles/RESEARCH.dir/Core/Src/main.c.obj
 .debug_macro   0x00001453      0xd23 CMakeFiles/RESEARCH.dir/Core/Src/main.c.obj
 .debug_macro   0x00002176     0xe09e CMakeFiles/RESEARCH.dir/Core/Src/main.c.obj
 .debug_macro   0x00010214       0x6d CMakeFiles/RESEARCH.dir/Core/Src/main.c.obj
 .debug_macro   0x00010281     0x34a2 CMakeFiles/RESEARCH.dir/Core/Src/main.c.obj
 .debug_macro   0x00013723      0x190 CMakeFiles/RESEARCH.dir/Core/Src/main.c.obj
 .debug_macro   0x000138b3       0x5c CMakeFiles/RESEARCH.dir/Core/Src/main.c.obj
 .debug_macro   0x0001390f      0x5bc CMakeFiles/RESEARCH.dir/Core/Src/main.c.obj
 .debug_macro   0x00013ecb      0x289 CMakeFiles/RESEARCH.dir/Core/Src/main.c.obj
 .debug_macro   0x00014154      0x1cb CMakeFiles/RESEARCH.dir/Core/Src/main.c.obj
 .debug_macro   0x0001431f      0x114 CMakeFiles/RESEARCH.dir/Core/Src/main.c.obj
 .debug_macro   0x00014433      0x1b2 CMakeFiles/RESEARCH.dir/Core/Src/main.c.obj
 .debug_macro   0x000145e5       0x27 CMakeFiles/RESEARCH.dir/Core/Src/main.c.obj
 .debug_macro   0x0001460c      0x136 CMakeFiles/RESEARCH.dir/Core/Src/main.c.obj
 .debug_macro   0x00014742      0x1bc CMakeFiles/RESEARCH.dir/Core/Src/main.c.obj
 .debug_macro   0x000148fe       0x34 CMakeFiles/RESEARCH.dir/Core/Src/main.c.obj
 .debug_macro   0x00014932       0x3c CMakeFiles/RESEARCH.dir/Core/Src/main.c.obj
 .debug_macro   0x0001496e       0x57 CMakeFiles/RESEARCH.dir/Core/Src/main.c.obj
 .debug_macro   0x000149c5       0x87 CMakeFiles/RESEARCH.dir/Core/Src/main.c.obj
 .debug_macro   0x00014a4c      0x240 CMakeFiles/RESEARCH.dir/Core/Src/main.c.obj
 .debug_macro   0x00014c8c      0x140 CMakeFiles/RESEARCH.dir/Core/Src/main.c.obj
 .debug_macro   0x00014dcc      0x8ed CMakeFiles/RESEARCH.dir/Core/Src/main.c.obj
 .debug_macro   0x000156b9      0x28e CMakeFiles/RESEARCH.dir/Core/Src/main.c.obj
 .debug_macro   0x00015947       0x83 CMakeFiles/RESEARCH.dir/Core/Src/main.c.obj
 .debug_macro   0x000159ca       0x5e CMakeFiles/RESEARCH.dir/Core/Src/main.c.obj
 .debug_macro   0x00015a28      0x1bc CMakeFiles/RESEARCH.dir/Core/Src/gpio.c.obj
 .debug_macro   0x00015be4      0x1bc CMakeFiles/RESEARCH.dir/Core/Src/tim.c.obj
 .debug_macro   0x00015da0      0x1bc CMakeFiles/RESEARCH.dir/Core/Src/usart.c.obj
 .debug_macro   0x00015f5c      0x1bc CMakeFiles/RESEARCH.dir/Core/Src/stm32f1xx_it.c.obj
 .debug_macro   0x00016118      0x1b2 CMakeFiles/RESEARCH.dir/Core/Src/stm32f1xx_hal_msp.c.obj
 .debug_macro   0x000162ca      0x1a4 CMakeFiles/RESEARCH.dir/Drivers/STM32F1xx_HAL_Driver/Src/stm32f1xx_hal_tim.c.obj
 .debug_macro   0x0001646e      0x1a3 CMakeFiles/RESEARCH.dir/Drivers/STM32F1xx_HAL_Driver/Src/stm32f1xx_hal_tim_ex.c.obj
 .debug_macro   0x00016611      0x1c7 CMakeFiles/RESEARCH.dir/Drivers/STM32F1xx_HAL_Driver/Src/stm32f1xx_hal.c.obj
 .debug_macro   0x000167d8      0x1b5 CMakeFiles/RESEARCH.dir/Drivers/STM32F1xx_HAL_Driver/Src/stm32f1xx_hal_rcc.c.obj
 .debug_macro   0x0001698d      0x20e CMakeFiles/RESEARCH.dir/Drivers/STM32F1xx_HAL_Driver/Src/stm32f1xx_hal_gpio.c.obj
 .debug_macro   0x00016b9b      0x1a3 CMakeFiles/RESEARCH.dir/Drivers/STM32F1xx_HAL_Driver/Src/stm32f1xx_hal_cortex.c.obj
 .debug_macro   0x00016d3e      0x1a4 CMakeFiles/RESEARCH.dir/Drivers/STM32F1xx_HAL_Driver/Src/stm32f1xx_hal_uart.c.obj
 .debug_macro   0x00016ee2      0x1a3 CMakeFiles/RESEARCH.dir/Core/Src/system_stm32f1xx.c.obj

.debug_line     0x00000000     0xc9e9
 .debug_line    0x00000000      0x6f3 CMakeFiles/RESEARCH.dir/Core/Src/main.c.obj
 .debug_line    0x000006f3      0x65f CMakeFiles/RESEARCH.dir/Core/Src/gpio.c.obj
 .debug_line    0x00000d52      0x70f CMakeFiles/RESEARCH.dir/Core/Src/tim.c.obj
 .debug_line    0x00001461      0x6ad CMakeFiles/RESEARCH.dir/Core/Src/usart.c.obj
 .debug_line    0x00001b0e      0x70a CMakeFiles/RESEARCH.dir/Core/Src/stm32f1xx_it.c.obj
 .debug_line    0x00002218      0x644 CMakeFiles/RESEARCH.dir/Core/Src/stm32f1xx_hal_msp.c.obj
 .debug_line    0x0000285c     0x33e1 CMakeFiles/RESEARCH.dir/Drivers/STM32F1xx_HAL_Driver/Src/stm32f1xx_hal_tim.c.obj
 .debug_line    0x00005c3d     0x17b7 CMakeFiles/RESEARCH.dir/Drivers/STM32F1xx_HAL_Driver/Src/stm32f1xx_hal_tim_ex.c.obj
 .debug_line    0x000073f4      0x8f3 CMakeFiles/RESEARCH.dir/Drivers/STM32F1xx_HAL_Driver/Src/stm32f1xx_hal.c.obj
 .debug_line    0x00007ce7      0xdac CMakeFiles/RESEARCH.dir/Drivers/STM32F1xx_HAL_Driver/Src/stm32f1xx_hal_rcc.c.obj
 .debug_line    0x00008a93      0x950 CMakeFiles/RESEARCH.dir/Drivers/STM32F1xx_HAL_Driver/Src/stm32f1xx_hal_gpio.c.obj
 .debug_line    0x000093e3      0xabd CMakeFiles/RESEARCH.dir/Drivers/STM32F1xx_HAL_Driver/Src/stm32f1xx_hal_cortex.c.obj
 .debug_line    0x00009ea0     0x240f CMakeFiles/RESEARCH.dir/Drivers/STM32F1xx_HAL_Driver/Src/stm32f1xx_hal_uart.c.obj
 .debug_line    0x0000c2af      0x6c2 CMakeFiles/RESEARCH.dir/Core/Src/system_stm32f1xx.c.obj
 .debug_line    0x0000c971       0x78 CMakeFiles/RESEARCH.dir/startup_stm32f103xb.s.obj

.debug_str      0x00000000    0x86aa9
 .debug_str     0x00000000    0x86aa9 CMakeFiles/RESEARCH.dir/Core/Src/main.c.obj
                              0x83f34 (size before relaxing)
 .debug_str     0x00086aa9    0x83c3e CMakeFiles/RESEARCH.dir/Core/Src/gpio.c.obj
 .debug_str     0x00086aa9    0x83fd8 CMakeFiles/RESEARCH.dir/Core/Src/tim.c.obj
 .debug_str     0x00086aa9    0x83d7f CMakeFiles/RESEARCH.dir/Core/Src/usart.c.obj
 .debug_str     0x00086aa9    0x83916 CMakeFiles/RESEARCH.dir/Core/Src/stm32f1xx_it.c.obj
 .debug_str     0x00086aa9    0x838bf CMakeFiles/RESEARCH.dir/Core/Src/stm32f1xx_hal_msp.c.obj
 .debug_str     0x00086aa9    0x84bd9 CMakeFiles/RESEARCH.dir/Drivers/STM32F1xx_HAL_Driver/Src/stm32f1xx_hal_tim.c.obj
 .debug_str     0x00086aa9    0x843e5 CMakeFiles/RESEARCH.dir/Drivers/STM32F1xx_HAL_Driver/Src/stm32f1xx_hal_tim_ex.c.obj
 .debug_str     0x00086aa9    0x83edb CMakeFiles/RESEARCH.dir/Drivers/STM32F1xx_HAL_Driver/Src/stm32f1xx_hal.c.obj
 .debug_str     0x00086aa9    0x83bd7 CMakeFiles/RESEARCH.dir/Drivers/STM32F1xx_HAL_Driver/Src/stm32f1xx_hal_rcc.c.obj
 .debug_str     0x00086aa9    0x83b2e CMakeFiles/RESEARCH.dir/Drivers/STM32F1xx_HAL_Driver/Src/stm32f1xx_hal_gpio.c.obj
 .debug_str     0x00086aa9    0x83e27 CMakeFiles/RESEARCH.dir/Drivers/STM32F1xx_HAL_Driver/Src/stm32f1xx_hal_cortex.c.obj
 .debug_str     0x00086aa9    0x84248 CMakeFiles/RESEARCH.dir/Drivers/STM32F1xx_HAL_Driver/Src/stm32f1xx_hal_uart.c.obj
 .debug_str     0x00086aa9    0x837a8 CMakeFiles/RESEARCH.dir/Core/Src/system_stm32f1xx.c.obj
 .debug_str     0x00086aa9       0x9e CMakeFiles/RESEARCH.dir/startup_stm32f103xb.s.obj

.debug_line_str
                0x00000000       0x82
 .debug_line_str
                0x00000000       0x82 CMakeFiles/RESEARCH.dir/startup_stm32f103xb.s.obj
