Archive member included to satisfy reference by file (symbol)

D:/Clion/environment/arm-gnu-toolchain-14.2.rel1-mingw-w64-x86_64-arm-none-eabi/bin/../lib/gcc/arm-none-eabi/14.2.1/thumb/v7-m/nofp\libc_nano.a(libc_a-exit.o)
                              D:/Clion/environment/arm-gnu-toolchain-14.2.rel1-mingw-w64-x86_64-arm-none-eabi/bin/../lib/gcc/arm-none-eabi/14.2.1/thumb/v7-m/nofp/crt0.o (exit)
D:/Clion/environment/arm-gnu-toolchain-14.2.rel1-mingw-w64-x86_64-arm-none-eabi/bin/../lib/gcc/arm-none-eabi/14.2.1/thumb/v7-m/nofp\libc_nano.a(libc_a-findfp.o)
                              D:/Clion/environment/arm-gnu-toolchain-14.2.rel1-mingw-w64-x86_64-arm-none-eabi/bin/../lib/gcc/arm-none-eabi/14.2.1/thumb/v7-m/nofp\libc_nano.a(libc_a-exit.o) (__stdio_exit_handler)
D:/Clion/environment/arm-gnu-toolchain-14.2.rel1-mingw-w64-x86_64-arm-none-eabi/bin/../lib/gcc/arm-none-eabi/14.2.1/thumb/v7-m/nofp\libc_nano.a(libc_a-fwalk.o)
                              D:/Clion/environment/arm-gnu-toolchain-14.2.rel1-mingw-w64-x86_64-arm-none-eabi/bin/../lib/gcc/arm-none-eabi/14.2.1/thumb/v7-m/nofp\libc_nano.a(libc_a-findfp.o) (_fwalk_sglue)
D:/Clion/environment/arm-gnu-toolchain-14.2.rel1-mingw-w64-x86_64-arm-none-eabi/bin/../lib/gcc/arm-none-eabi/14.2.1/thumb/v7-m/nofp\libc_nano.a(libc_a-stdio.o)
                              D:/Clion/environment/arm-gnu-toolchain-14.2.rel1-mingw-w64-x86_64-arm-none-eabi/bin/../lib/gcc/arm-none-eabi/14.2.1/thumb/v7-m/nofp\libc_nano.a(libc_a-findfp.o) (__sread)
D:/Clion/environment/arm-gnu-toolchain-14.2.rel1-mingw-w64-x86_64-arm-none-eabi/bin/../lib/gcc/arm-none-eabi/14.2.1/thumb/v7-m/nofp\libc_nano.a(libc_a-memset.o)
                              D:/Clion/environment/arm-gnu-toolchain-14.2.rel1-mingw-w64-x86_64-arm-none-eabi/bin/../lib/gcc/arm-none-eabi/14.2.1/thumb/v7-m/nofp/crt0.o (memset)
D:/Clion/environment/arm-gnu-toolchain-14.2.rel1-mingw-w64-x86_64-arm-none-eabi/bin/../lib/gcc/arm-none-eabi/14.2.1/thumb/v7-m/nofp\libc_nano.a(libc_a-closer.o)
                              D:/Clion/environment/arm-gnu-toolchain-14.2.rel1-mingw-w64-x86_64-arm-none-eabi/bin/../lib/gcc/arm-none-eabi/14.2.1/thumb/v7-m/nofp\libc_nano.a(libc_a-stdio.o) (_close_r)
D:/Clion/environment/arm-gnu-toolchain-14.2.rel1-mingw-w64-x86_64-arm-none-eabi/bin/../lib/gcc/arm-none-eabi/14.2.1/thumb/v7-m/nofp\libc_nano.a(libc_a-reent.o)
                              D:/Clion/environment/arm-gnu-toolchain-14.2.rel1-mingw-w64-x86_64-arm-none-eabi/bin/../lib/gcc/arm-none-eabi/14.2.1/thumb/v7-m/nofp\libc_nano.a(libc_a-closer.o) (errno)
D:/Clion/environment/arm-gnu-toolchain-14.2.rel1-mingw-w64-x86_64-arm-none-eabi/bin/../lib/gcc/arm-none-eabi/14.2.1/thumb/v7-m/nofp\libc_nano.a(libc_a-impure.o)
                              D:/Clion/environment/arm-gnu-toolchain-14.2.rel1-mingw-w64-x86_64-arm-none-eabi/bin/../lib/gcc/arm-none-eabi/14.2.1/thumb/v7-m/nofp\libc_nano.a(libc_a-reent.o) (_impure_ptr)
D:/Clion/environment/arm-gnu-toolchain-14.2.rel1-mingw-w64-x86_64-arm-none-eabi/bin/../lib/gcc/arm-none-eabi/14.2.1/thumb/v7-m/nofp\libc_nano.a(libc_a-lseekr.o)
                              D:/Clion/environment/arm-gnu-toolchain-14.2.rel1-mingw-w64-x86_64-arm-none-eabi/bin/../lib/gcc/arm-none-eabi/14.2.1/thumb/v7-m/nofp\libc_nano.a(libc_a-stdio.o) (_lseek_r)
D:/Clion/environment/arm-gnu-toolchain-14.2.rel1-mingw-w64-x86_64-arm-none-eabi/bin/../lib/gcc/arm-none-eabi/14.2.1/thumb/v7-m/nofp\libc_nano.a(libc_a-readr.o)
                              D:/Clion/environment/arm-gnu-toolchain-14.2.rel1-mingw-w64-x86_64-arm-none-eabi/bin/../lib/gcc/arm-none-eabi/14.2.1/thumb/v7-m/nofp\libc_nano.a(libc_a-stdio.o) (_read_r)
D:/Clion/environment/arm-gnu-toolchain-14.2.rel1-mingw-w64-x86_64-arm-none-eabi/bin/../lib/gcc/arm-none-eabi/14.2.1/thumb/v7-m/nofp\libc_nano.a(libc_a-writer.o)
                              D:/Clion/environment/arm-gnu-toolchain-14.2.rel1-mingw-w64-x86_64-arm-none-eabi/bin/../lib/gcc/arm-none-eabi/14.2.1/thumb/v7-m/nofp\libc_nano.a(libc_a-stdio.o) (_write_r)
D:/Clion/environment/arm-gnu-toolchain-14.2.rel1-mingw-w64-x86_64-arm-none-eabi/bin/../lib/gcc/arm-none-eabi/14.2.1/thumb/v7-m/nofp\libc_nano.a(libc_a-init.o)
                              D:/Clion/environment/arm-gnu-toolchain-14.2.rel1-mingw-w64-x86_64-arm-none-eabi/bin/../lib/gcc/arm-none-eabi/14.2.1/thumb/v7-m/nofp/crt0.o (__libc_init_array)
D:/Clion/environment/arm-gnu-toolchain-14.2.rel1-mingw-w64-x86_64-arm-none-eabi/bin/../lib/gcc/arm-none-eabi/14.2.1/thumb/v7-m/nofp\libc_nano.a(libc_a-lock.o)
                              D:/Clion/environment/arm-gnu-toolchain-14.2.rel1-mingw-w64-x86_64-arm-none-eabi/bin/../lib/gcc/arm-none-eabi/14.2.1/thumb/v7-m/nofp\libc_nano.a(libc_a-findfp.o) (__retarget_lock_init_recursive)
D:/Clion/environment/arm-gnu-toolchain-14.2.rel1-mingw-w64-x86_64-arm-none-eabi/bin/../lib/gcc/arm-none-eabi/14.2.1/thumb/v7-m/nofp\libc_nano.a(libc_a-freer.o)
[...]
Memory Configuration

Name             Origin             Length             Attributes
RAM              0x20000000         0x00005000         xrw
FLASH            0x08000000         0x00020000         xr
*default*        0x00000000         0xffffffff

Linker script and memory map

LOAD D:/Clion/environment/arm-gnu-toolchain-14.2.rel1-mingw-w64-x86_64-arm-none-eabi/bin/../lib/gcc/arm-none-eabi/14.2.1/thumb/v7-m/nofp/crti.o
LOAD D:/Clion/environment/arm-gnu-toolchain-14.2.rel1-mingw-w64-x86_64-arm-none-eabi/bin/../lib/gcc/arm-none-eabi/14.2.1/thumb/v7-m/nofp/crtbegin.o
LOAD D:/Clion/environment/arm-gnu-toolchain-14.2.rel1-mingw-w64-x86_64-arm-none-eabi/bin/../lib/gcc/arm-none-eabi/14.2.1/thumb/v7-m/nofp/crt0.o
START GROUP
LOAD D:/Clion/environment/arm-gnu-toolchain-14.2.rel1-mingw-w64-x86_64-arm-none-eabi/bin/../lib/gcc/arm-none-eabi/14.2.1/thumb/v7-m/nofp\libc_nano.a
LOAD D:/Clion/environment/arm-gnu-toolchain-14.2.rel1-mingw-w64-x86_64-arm-none-eabi/bin/../lib/gcc/arm-none-eabi/14.2.1/thumb/v7-m/nofp\libm.a
END GROUP
LOAD CMakeFiles/RESEARCH.dir/Core/Src/main.c.obj
LOAD CMakeFiles/RESEARCH.dir/Core/Src/gpio.c.obj
LOAD CMakeFiles/RESEARCH.dir/Core/Src/usart.c.obj
LOAD CMakeFiles/RESEARCH.dir/Core/Src/stm32f1xx_it.c.obj
LOAD CMakeFiles/RESEARCH.dir/Core/Src/stm32f1xx_hal_msp.c.obj
LOAD CMakeFiles/RESEARCH.dir/Drivers/STM32F1xx_HAL_Driver/Src/stm32f1xx_hal_gpio_ex.c.obj
LOAD CMakeFiles/RESEARCH.dir/Drivers/STM32F1xx_HAL_Driver/Src/stm32f1xx_hal_uart.c.obj
LOAD CMakeFiles/RESEARCH.dir/Drivers/STM32F1xx_HAL_Driver/Src/stm32f1xx_hal.c.obj
LOAD CMakeFiles/RESEARCH.dir/Drivers/STM32F1xx_HAL_Driver/Src/stm32f1xx_hal_rcc.c.obj
LOAD CMakeFiles/RESEARCH.dir/Drivers/STM32F1xx_HAL_Driver/Src/stm32f1xx_hal_rcc_ex.c.obj
LOAD CMakeFiles/RESEARCH.dir/Drivers/STM32F1xx_HAL_Driver/Src/stm32f1xx_hal_gpio.c.obj
LOAD CMakeFiles/RESEARCH.dir/Drivers/STM32F1xx_HAL_Driver/Src/stm32f1xx_hal_dma.c.obj
LOAD CMakeFiles/RESEARCH.dir/Drivers/STM32F1xx_HAL_Driver/Src/stm32f1xx_hal_cortex.c.obj
LOAD CMakeFiles/RESEARCH.dir/Drivers/STM32F1xx_HAL_Driver/Src/stm32f1xx_hal_pwr.c.obj
LOAD CMakeFiles/RESEARCH.dir/Drivers/STM32F1xx_HAL_Driver/Src/stm32f1xx_hal_flash.c.obj
LOAD CMakeFiles/RESEARCH.dir/Drivers/STM32F1xx_HAL_Driver/Src/stm32f1xx_hal_flash_ex.c.obj
LOAD CMakeFiles/RESEARCH.dir/Drivers/STM32F1xx_HAL_Driver/Src/stm32f1xx_hal_exti.c.obj
LOAD CMakeFiles/RESEARCH.dir/Core/Src/system_stm32f1xx.c.obj
LOAD CMakeFiles/RESEARCH.dir/Core/Src/sysmem.c.obj
LOAD CMakeFiles/RESEARCH.dir/Core/Src/syscalls.c.obj
LOAD CMakeFiles/RESEARCH.dir/startup_stm32f103xb.s.obj
START GROUP
LOAD D:/Clion/environment/arm-gnu-toolchain-14.2.rel1-mingw-w64-x86_64-arm-none-eabi/bin/../lib/gcc/arm-none-eabi/14.2.1/thumb/v7-m/nofp\libgcc.a
LOAD D:/Clion/environment/arm-gnu-toolchain-14.2.rel1-mingw-w64-x86_64-arm-none-eabi/bin/../lib/gcc/arm-none-eabi/14.2.1/thumb/v7-m/nofp\libg_nano.a
LOAD D:/Clion/environment/arm-gnu-toolchain-14.2.rel1-mingw-w64-x86_64-arm-none-eabi/bin/../lib/gcc/arm-none-eabi/14.2.1/thumb/v7-m/nofp\libc_nano.a
END GROUP
START GROUP
LOAD D:/Clion/environment/arm-gnu-toolchain-14.2.rel1-mingw-w64-x86_64-arm-none-eabi/bin/../lib/gcc/arm-none-eabi/14.2.1/thumb/v7-m/nofp\libgcc.a
LOAD D:/Clion/environment/arm-gnu-toolchain-14.2.rel1-mingw-w64-x86_64-arm-none-eabi/bin/../lib/gcc/arm-none-eabi/14.2.1/thumb/v7-m/nofp\libc_nano.a
END GROUP
LOAD D:/Clion/environment/arm-gnu-toolchain-14.2.rel1-mingw-w64-x86_64-arm-none-eabi/bin/../lib/gcc/arm-none-eabi/14.2.1/thumb/v7-m/nofp/crtend.o
LOAD D:/Clion/environment/arm-gnu-toolchain-14.2.rel1-mingw-w64-x86_64-arm-none-eabi/bin/../lib/gcc/arm-none-eabi/14.2.1/thumb/v7-m/nofp/crtn.o
                0x20005000                        _estack = (ORIGIN (RAM) + LENGTH (RAM))
                0x00000200                        _Min_Heap_Size = 0x200
                0x00000400                        _Min_Stack_Size = 0x400

.isr_vector     0x08000000      0x10c
                0x08000000                        . = ALIGN (0x4)
 *(.isr_vector)
 .isr_vector    0x08000000      0x10c CMakeFiles/RESEARCH.dir/startup_stm32f103xb.s.obj
                0x08000000                g_pfnVectors
                0x0800010c                        . = ALIGN (0x4)

.text           0x0800010c     0x153c
                0x0800010c                        . = ALIGN (0x4)
 *(.text)
 *(.text*)
 .text.deregister_tm_clones
                0x0800010c       0x1c D:/Clion/environment/arm-gnu-toolchain-14.2.rel1-mingw-w64-x86_64-arm-none-eabi/bin/../lib/gcc/arm-none-eabi/14.2.1/thumb/v7-m/nofp/crtbegin.o
 .text.register_tm_clones
                0x08000128       0x24 D:/Clion/environment/arm-gnu-toolchain-14.2.rel1-mingw-w64-x86_64-arm-none-eabi/bin/../lib/gcc/arm-none-eabi/14.2.1/thumb/v7-m/nofp/crtbegin.o
 .text.__do_global_dtors_aux
                0x0800014c       0x28 D:/Clion/environment/arm-gnu-toolchain-14.2.rel1-mingw-w64-x86_64-arm-none-eabi/bin/../lib/gcc/arm-none-eabi/14.2.1/thumb/v7-m/nofp/crtbegin.o
 .text.frame_dummy
                0x08000174       0x24 D:/Clion/environment/arm-gnu-toolchain-14.2.rel1-mingw-w64-x86_64-arm-none-eabi/bin/../lib/gcc/arm-none-eabi/14.2.1/thumb/v7-m/nofp/crtbegin.o
 .text.memset   0x08000198       0x10 D:/Clion/environment/arm-gnu-toolchain-14.2.rel1-mingw-w64-x86_64-arm-none-eabi/bin/../lib/gcc/arm-none-eabi/14.2.1/thumb/v7-m/nofp\libc_nano.a(libc_a-memset.o)
                0x08000198                memset
 .text.__libc_init_array
                0x080001a8       0x48 D:/Clion/environment/arm-gnu-toolchain-14.2.rel1-mingw-w64-x86_64-arm-none-eabi/bin/../lib/gcc/arm-none-eabi/14.2.1/thumb/v7-m/nofp\libc_nano.a(libc_a-init.o)
                0x080001a8                __libc_init_array
 .text.main     0x080001f0       0x2c CMakeFiles/RESEARCH.dir/Core/Src/main.c.obj
                0x080001f0                main
 .text.SystemClock_Config
                0x0800021c       0x82 CMakeFiles/RESEARCH.dir/Core/Src/main.c.obj
                0x0800021c                SystemClock_Config
 .text.Error_Handler
                0x0800029e        0xc CMakeFiles/RESEARCH.dir/Core/Src/main.c.obj
                0x0800029e                Error_Handler
 *fill*         0x080002aa        0x2 
 .text.MX_GPIO_Init
                0x080002ac       0xdc CMakeFiles/RESEARCH.dir/Core/Src/gpio.c.obj
                0x080002ac                MX_GPIO_Init
 .text.MX_USART2_UART_Init
                0x08000388       0x54 CMakeFiles/RESEARCH.dir/Core/Src/usart.c.obj
                0x08000388                MX_USART2_UART_Init
 .text.HAL_UART_MspInit
                0x080003dc       0x7c CMakeFiles/RESEARCH.dir/Core/Src/usart.c.obj
                0x080003dc                HAL_UART_MspInit
 .text.NMI_Handler
                0x08000458        0x8 CMakeFiles/RESEARCH.dir/Core/Src/stm32f1xx_it.c.obj
                0x08000458                NMI_Handler
 .text.HardFault_Handler
                0x08000460        0x8 CMakeFiles/RESEARCH.dir/Core/Src/stm32f1xx_it.c.obj
                0x08000460                HardFault_Handler
 .text.MemManage_Handler
                0x08000468        0x8 CMakeFiles/RESEARCH.dir/Core/Src/stm32f1xx_it.c.obj
                0x08000468                MemManage_Handler
 .text.BusFault_Handler
                0x08000470        0x8 CMakeFiles/RESEARCH.dir/Core/Src/stm32f1xx_it.c.obj
                0x08000470                BusFault_Handler
 .text.UsageFault_Handler
                0x08000478        0x8 CMakeFiles/RESEARCH.dir/Core/Src/stm32f1xx_it.c.obj
                0x08000478                UsageFault_Handler
 .text.SVC_Handler
                0x08000480        0xc CMakeFiles/RESEARCH.dir/Core/Src/stm32f1xx_it.c.obj
                0x08000480                SVC_Handler
 .text.DebugMon_Handler
                0x0800048c        0xc CMakeFiles/RESEARCH.dir/Core/Src/stm32f1xx_it.c.obj
                0x0800048c                DebugMon_Handler
 .text.PendSV_Handler
                0x08000498        0xc CMakeFiles/RESEARCH.dir/Core/Src/stm32f1xx_it.c.obj
                0x08000498                PendSV_Handler
 .text.SysTick_Handler
                0x080004a4        0xc CMakeFiles/RESEARCH.dir/Core/Src/stm32f1xx_it.c.obj
                0x080004a4                SysTick_Handler
 .text.EXTI15_10_IRQHandler
                0x080004b0       0x10 CMakeFiles/RESEARCH.dir/Core/Src/stm32f1xx_it.c.obj
                0x080004b0                EXTI15_10_IRQHandler
 .text.HAL_MspInit
                0x080004c0       0x64 CMakeFiles/RESEARCH.dir/Core/Src/stm32f1xx_hal_msp.c.obj
                0x080004c0                HAL_MspInit
 .text.HAL_UART_Init
                0x08000524       0xa0 CMakeFiles/RESEARCH.dir/Drivers/STM32F1xx_HAL_Driver/Src/stm32f1xx_hal_uart.c.obj
                0x08000524                HAL_UART_Init
 .text.UART_SetConfig
                0x080005c4      0x11c CMakeFiles/RESEARCH.dir/Drivers/STM32F1xx_HAL_Driver/Src/stm32f1xx_hal_uart.c.obj
 .text.HAL_Init
                0x080006e0       0x2c CMakeFiles/RESEARCH.dir/Drivers/STM32F1xx_HAL_Driver/Src/stm32f1xx_hal.c.obj
                0x080006e0                HAL_Init
 .text.HAL_InitTick
                0x0800070c       0x60 CMakeFiles/RESEARCH.dir/Drivers/STM32F1xx_HAL_Driver/Src/stm32f1xx_hal.c.obj
                0x0800070c                HAL_InitTick
 .text.HAL_IncTick
                0x0800076c       0x24 CMakeFiles/RESEARCH.dir/Drivers/STM32F1xx_HAL_Driver/Src/stm32f1xx_hal.c.obj
                0x0800076c                HAL_IncTick
 .text.HAL_GetTick
                0x08000790       0x14 CMakeFiles/RESEARCH.dir/Drivers/STM32F1xx_HAL_Driver/Src/stm32f1xx_hal.c.obj
                0x08000790                HAL_GetTick
 .text.HAL_Delay
                0x080007a4       0x48 CMakeFiles/RESEARCH.dir/Drivers/STM32F1xx_HAL_Driver/Src/stm32f1xx_hal.c.obj
                0x080007a4                HAL_Delay
 .text.HAL_RCC_OscConfig
                0x080007ec      0x504 CMakeFiles/RESEARCH.dir/Drivers/STM32F1xx_HAL_Driver/Src/stm32f1xx_hal_rcc.c.obj
                0x080007ec                HAL_RCC_OscConfig
 .text.HAL_RCC_ClockConfig
                0x08000cf0      0x1d4 CMakeFiles/RESEARCH.dir/Drivers/STM32F1xx_HAL_Driver/Src/stm32f1xx_hal_rcc.c.obj
                0x08000cf0                HAL_RCC_ClockConfig
 .text.HAL_RCC_GetSysClockFreq
                0x08000ec4       0xa8 CMakeFiles/RESEARCH.dir/Drivers/STM32F1xx_HAL_Driver/Src/stm32f1xx_hal_rcc.c.obj
                0x08000ec4                HAL_RCC_GetSysClockFreq
 .text.HAL_RCC_GetHCLKFreq
                0x08000f6c       0x14 CMakeFiles/RESEARCH.dir/Drivers/STM32F1xx_HAL_Driver/Src/stm32f1xx_hal_rcc.c.obj
                0x08000f6c                HAL_RCC_GetHCLKFreq
 .text.HAL_RCC_GetPCLK1Freq
                0x08000f80       0x28 CMakeFiles/RESEARCH.dir/Drivers/STM32F1xx_HAL_Driver/Src/stm32f1xx_hal_rcc.c.obj
                0x08000f80                HAL_RCC_GetPCLK1Freq
 .text.HAL_RCC_GetPCLK2Freq
                0x08000fa8       0x28 CMakeFiles/RESEARCH.dir/Drivers/STM32F1xx_HAL_Driver/Src/stm32f1xx_hal_rcc.c.obj
                0x08000fa8                HAL_RCC_GetPCLK2Freq
 .text.RCC_Delay
                0x08000fd0       0x3c CMakeFiles/RESEARCH.dir/Drivers/STM32F1xx_HAL_Driver/Src/stm32f1xx_hal_rcc.c.obj
 .text.HAL_GPIO_Init
                0x0800100c      0x308 CMakeFiles/RESEARCH.dir/Drivers/STM32F1xx_HAL_Driver/Src/stm32f1xx_hal_gpio.c.obj
                0x0800100c                HAL_GPIO_Init
 .text.HAL_GPIO_WritePin
                0x08001314       0x30 CMakeFiles/RESEARCH.dir/Drivers/STM32F1xx_HAL_Driver/Src/stm32f1xx_hal_gpio.c.obj
                0x08001314                HAL_GPIO_WritePin
 .text.HAL_GPIO_TogglePin
                0x08001344       0x32 CMakeFiles/RESEARCH.dir/Drivers/STM32F1xx_HAL_Driver/Src/stm32f1xx_hal_gpio.c.obj
                0x08001344                HAL_GPIO_TogglePin
 *fill*         0x08001376        0x2 
 .text.HAL_GPIO_EXTI_IRQHandler
                0x08001378       0x30 CMakeFiles/RESEARCH.dir/Drivers/STM32F1xx_HAL_Driver/Src/stm32f1xx_hal_gpio.c.obj
                0x08001378                HAL_GPIO_EXTI_IRQHandler
 .text.HAL_GPIO_EXTI_Callback
                0x080013a8       0x14 CMakeFiles/RESEARCH.dir/Drivers/STM32F1xx_HAL_Driver/Src/stm32f1xx_hal_gpio.c.obj
                0x080013a8                HAL_GPIO_EXTI_Callback
 .text.__NVIC_SetPriorityGrouping
                0x080013bc       0x48 CMakeFiles/RESEARCH.dir/Drivers/STM32F1xx_HAL_Driver/Src/stm32f1xx_hal_cortex.c.obj
 .text.__NVIC_GetPriorityGrouping
                0x08001404       0x1c CMakeFiles/RESEARCH.dir/Drivers/STM32F1xx_HAL_Driver/Src/stm32f1xx_hal_cortex.c.obj
 .text.__NVIC_EnableIRQ
                0x08001420       0x38 CMakeFiles/RESEARCH.dir/Drivers/STM32F1xx_HAL_Driver/Src/stm32f1xx_hal_cortex.c.obj
 .text.__NVIC_SetPriority
                0x08001458       0x54 CMakeFiles/RESEARCH.dir/Drivers/STM32F1xx_HAL_Driver/Src/stm32f1xx_hal_cortex.c.obj
 .text.NVIC_EncodePriority
                0x080014ac       0x64 CMakeFiles/RESEARCH.dir/Drivers/STM32F1xx_HAL_Driver/Src/stm32f1xx_hal_cortex.c.obj
 .text.SysTick_Config
                0x08001510       0x44 CMakeFiles/RESEARCH.dir/Drivers/STM32F1xx_HAL_Driver/Src/stm32f1xx_hal_cortex.c.obj
 .text.HAL_NVIC_SetPriorityGrouping
                0x08001554       0x16 CMakeFiles/RESEARCH.dir/Drivers/STM32F1xx_HAL_Driver/Src/stm32f1xx_hal_cortex.c.obj
                0x08001554                HAL_NVIC_SetPriorityGrouping
 .text.HAL_NVIC_SetPriority
                0x0800156a       0x38 CMakeFiles/RESEARCH.dir/Drivers/STM32F1xx_HAL_Driver/Src/stm32f1xx_hal_cortex.c.obj
                0x0800156a                HAL_NVIC_SetPriority
 .text.HAL_NVIC_EnableIRQ
                0x080015a2       0x1c CMakeFiles/RESEARCH.dir/Drivers/STM32F1xx_HAL_Driver/Src/stm32f1xx_hal_cortex.c.obj
                0x080015a2                HAL_NVIC_EnableIRQ
 .text.HAL_SYSTICK_Config
                0x080015be       0x18 CMakeFiles/RESEARCH.dir/Drivers/STM32F1xx_HAL_Driver/Src/stm32f1xx_hal_cortex.c.obj
                0x080015be                HAL_SYSTICK_Config
 .text.SystemInit
                0x080015d6        0xc CMakeFiles/RESEARCH.dir/Core/Src/system_stm32f1xx.c.obj
                0x080015d6                SystemInit
 *fill*         0x080015e2        0x2 
 .text.Reset_Handler
                0x080015e4       0x48 CMakeFiles/RESEARCH.dir/startup_stm32f103xb.s.obj
                0x080015e4                Reset_Handler
 .text.Default_Handler
                0x0800162c        0x2 CMakeFiles/RESEARCH.dir/startup_stm32f103xb.s.obj
                0x0800162c                RTC_Alarm_IRQHandler
                0x0800162c                EXTI2_IRQHandler
                0x0800162c                TIM1_CC_IRQHandler
                0x0800162c                PVD_IRQHandler
                0x0800162c                EXTI3_IRQHandler
                0x0800162c                EXTI0_IRQHandler
                0x0800162c                I2C2_EV_IRQHandler
                0x0800162c                ADC1_2_IRQHandler
                0x0800162c                SPI1_IRQHandler
                0x0800162c                TAMPER_IRQHandler
                0x0800162c                DMA1_Channel4_IRQHandler
                0x0800162c                USART3_IRQHandler
                0x0800162c                RTC_IRQHandler
                0x0800162c                DMA1_Channel7_IRQHandler
                0x0800162c                CAN1_RX1_IRQHandler
                0x0800162c                TIM4_IRQHandler
                0x0800162c                I2C1_EV_IRQHandler
                0x0800162c                DMA1_Channel6_IRQHandler
                0x0800162c                TIM3_IRQHandler
                0x0800162c                RCC_IRQHandler
                0x0800162c                TIM1_TRG_COM_IRQHandler
                0x0800162c                DMA1_Channel1_IRQHandler
                0x0800162c                Default_Handler
                0x0800162c                EXTI9_5_IRQHandler
                0x0800162c                SPI2_IRQHandler
                0x0800162c                DMA1_Channel5_IRQHandler
                0x0800162c                EXTI4_IRQHandler
                0x0800162c                USB_LP_CAN1_RX0_IRQHandler
                0x0800162c                USB_HP_CAN1_TX_IRQHandler
                0x0800162c                DMA1_Channel3_IRQHandler
                0x0800162c                TIM1_UP_IRQHandler
                0x0800162c                WWDG_IRQHandler
                0x0800162c                TIM2_IRQHandler
                0x0800162c                TIM1_BRK_IRQHandler
                0x0800162c                EXTI1_IRQHandler
                0x0800162c                USART2_IRQHandler
                0x0800162c                I2C2_ER_IRQHandler
                0x0800162c                DMA1_Channel2_IRQHandler
                0x0800162c                CAN1_SCE_IRQHandler
                0x0800162c                FLASH_IRQHandler
                0x0800162c                USART1_IRQHandler
                0x0800162c                I2C1_ER_IRQHandler
                0x0800162c                USBWakeUp_IRQHandler
 *(.glue_7)
 .glue_7        0x0800162e        0x0 linker stubs
 *(.glue_7t)
 .glue_7t       0x0800162e        0x0 linker stubs
 *(.eh_frame)
 *fill*         0x0800162e        0x2 
 .eh_frame      0x08001630        0x0 D:/Clion/environment/arm-gnu-toolchain-14.2.rel1-mingw-w64-x86_64-arm-none-eabi/bin/../lib/gcc/arm-none-eabi/14.2.1/thumb/v7-m/nofp/crtbegin.o
 *(.init)
 .init          0x08001630        0x4 D:/Clion/environment/arm-gnu-toolchain-14.2.rel1-mingw-w64-x86_64-arm-none-eabi/bin/../lib/gcc/arm-none-eabi/14.2.1/thumb/v7-m/nofp/crti.o
                0x08001630                _init
 .init          0x08001634        0x8 D:/Clion/environment/arm-gnu-toolchain-14.2.rel1-mingw-w64-x86_64-arm-none-eabi/bin/../lib/gcc/arm-none-eabi/14.2.1/thumb/v7-m/nofp/crtn.o
 *(.fini)
 .fini          0x0800163c        0x4 D:/Clion/environment/arm-gnu-toolchain-14.2.rel1-mingw-w64-x86_64-arm-none-eabi/bin/../lib/gcc/arm-none-eabi/14.2.1/thumb/v7-m/nofp/crti.o
                0x0800163c                _fini
 .fini          0x08001640        0x8 D:/Clion/environment/arm-gnu-toolchain-14.2.rel1-mingw-w64-x86_64-arm-none-eabi/bin/../lib/gcc/arm-none-eabi/14.2.1/thumb/v7-m/nofp/crtn.o
                0x08001648                        . = ALIGN (0x4)
                0x08001648                        _etext = .

.vfp11_veneer   0x08001648        0x0
 .vfp11_veneer  0x08001648        0x0 linker stubs

.v4_bx          0x08001648        0x0
 .v4_bx         0x08001648        0x0 linker stubs

.iplt           0x08001648        0x0
 .iplt          0x08001648        0x0 D:/Clion/environment/arm-gnu-toolchain-14.2.rel1-mingw-w64-x86_64-arm-none-eabi/bin/../lib/gcc/arm-none-eabi/14.2.1/thumb/v7-m/nofp/crtbegin.o

.rodata         0x08001648       0x2c
                0x08001648                        . = ALIGN (0x4)
 *(.rodata)
 *(.rodata*)
 .rodata.aPLLMULFactorTable.1
                0x08001648       0x10 CMakeFiles/RESEARCH.dir/Drivers/STM32F1xx_HAL_Driver/Src/stm32f1xx_hal_rcc.c.obj
 .rodata.aPredivFactorTable.0
                0x08001658        0x2 CMakeFiles/RESEARCH.dir/Drivers/STM32F1xx_HAL_Driver/Src/stm32f1xx_hal_rcc.c.obj
 *fill*         0x0800165a        0x2 
 .rodata.AHBPrescTable
                0x0800165c       0x10 CMakeFiles/RESEARCH.dir/Core/Src/system_stm32f1xx.c.obj
                0x0800165c                AHBPrescTable
 .rodata.APBPrescTable
                0x0800166c        0x8 CMakeFiles/RESEARCH.dir/Core/Src/system_stm32f1xx.c.obj
                0x0800166c                APBPrescTable
                0x08001674                        . = ALIGN (0x4)

.rel.dyn        0x08001674        0x0
 .rel.iplt      0x08001674        0x0 D:/Clion/environment/arm-gnu-toolchain-14.2.rel1-mingw-w64-x86_64-arm-none-eabi/bin/../lib/gcc/arm-none-eabi/14.2.1/thumb/v7-m/nofp/crtbegin.o

.ARM.extab
 *(.ARM.extab* .gnu.linkonce.armextab.*)

.ARM            0x08001674        0x0
                0x08001674                        __exidx_start = .
 *(.ARM.exidx*)
                0x08001674                        __exidx_end = .

.preinit_array  0x08001674        0x0
                0x08001674                        PROVIDE (__preinit_array_start = .)
 *(.preinit_array*)
                0x08001674                        PROVIDE (__preinit_array_end = .)

.init_array     0x08001674        0x4
                0x08001674                        PROVIDE (__init_array_start = .)
 *(SORT_BY_NAME(.init_array.*))
 *(.init_array*)
 .init_array    0x08001674        0x4 D:/Clion/environment/arm-gnu-toolchain-14.2.rel1-mingw-w64-x86_64-arm-none-eabi/bin/../lib/gcc/arm-none-eabi/14.2.1/thumb/v7-m/nofp/crtbegin.o
                0x08001678                        PROVIDE (__init_array_end = .)

.fini_array     0x08001678        0x4
                [!provide]                        PROVIDE (__fini_array_start = .)
 *(SORT_BY_NAME(.fini_array.*))
 *(.fini_array*)
 .fini_array    0x08001678        0x4 D:/Clion/environment/arm-gnu-toolchain-14.2.rel1-mingw-w64-x86_64-arm-none-eabi/bin/../lib/gcc/arm-none-eabi/14.2.1/thumb/v7-m/nofp/crtbegin.o
                [!provide]                        PROVIDE (__fini_array_end = .)
                0x0800167c                        _sidata = LOADADDR (.data)

.data           0x20000000        0xc load address 0x0800167c
                0x20000000                        . = ALIGN (0x4)
                0x20000000                        _sdata = .
 *(.data)
 *(.data*)
 .data.uwTickPrio
                0x20000000        0x4 CMakeFiles/RESEARCH.dir/Drivers/STM32F1xx_HAL_Driver/Src/stm32f1xx_hal.c.obj
                0x20000000                uwTickPrio
 .data.uwTickFreq
                0x20000004        0x1 CMakeFiles/RESEARCH.dir/Drivers/STM32F1xx_HAL_Driver/Src/stm32f1xx_hal.c.obj
                0x20000004                uwTickFreq
 *fill*         0x20000005        0x3 
 .data.SystemCoreClock
                0x20000008        0x4 CMakeFiles/RESEARCH.dir/Core/Src/system_stm32f1xx.c.obj
                0x20000008                SystemCoreClock
                0x2000000c                        . = ALIGN (0x4)
                0x2000000c                        _edata = .

.tm_clone_table
                0x2000000c        0x0 load address 0x08001688
 .tm_clone_table
                0x2000000c        0x0 D:/Clion/environment/arm-gnu-toolchain-14.2.rel1-mingw-w64-x86_64-arm-none-eabi/bin/../lib/gcc/arm-none-eabi/14.2.1/thumb/v7-m/nofp/crtbegin.o
 .tm_clone_table
                0x2000000c        0x0 D:/Clion/environment/arm-gnu-toolchain-14.2.rel1-mingw-w64-x86_64-arm-none-eabi/bin/../lib/gcc/arm-none-eabi/14.2.1/thumb/v7-m/nofp/crtend.o

.igot.plt       0x2000000c        0x0 load address 0x08001688
 .igot.plt      0x2000000c        0x0 D:/Clion/environment/arm-gnu-toolchain-14.2.rel1-mingw-w64-x86_64-arm-none-eabi/bin/../lib/gcc/arm-none-eabi/14.2.1/thumb/v7-m/nofp/crtbegin.o
                0x2000000c                        . = ALIGN (0x4)

.bss            0x2000000c       0x68 load address 0x08001688
                0x2000000c                        _sbss = .
                0x2000000c                        __bss_start__ = _sbss
 *(.bss)
 *(.bss*)
 .bss.completed.1
                0x2000000c        0x1 D:/Clion/environment/arm-gnu-toolchain-14.2.rel1-mingw-w64-x86_64-arm-none-eabi/bin/../lib/gcc/arm-none-eabi/14.2.1/thumb/v7-m/nofp/crtbegin.o
 *fill*         0x2000000d        0x3 
 .bss.object.0  0x20000010       0x18 D:/Clion/environment/arm-gnu-toolchain-14.2.rel1-mingw-w64-x86_64-arm-none-eabi/bin/../lib/gcc/arm-none-eabi/14.2.1/thumb/v7-m/nofp/crtbegin.o
 .bss.huart2    0x20000028       0x48 CMakeFiles/RESEARCH.dir/Core/Src/usart.c.obj
                0x20000028                huart2
 .bss.uwTick    0x20000070        0x4 CMakeFiles/RESEARCH.dir/Drivers/STM32F1xx_HAL_Driver/Src/stm32f1xx_hal.c.obj
                0x20000070                uwTick
 *(COMMON)
                0x20000074                        . = ALIGN (0x4)
                0x20000074                        _ebss = .
                0x20000074                        __bss_end__ = _ebss

._user_heap_stack
                0x20000074      0x604 load address 0x08001688
                0x20000078                        . = ALIGN (0x8)
 *fill*         0x20000074        0x4 
                [!provide]                        PROVIDE (end = .)
                0x20000078                        PROVIDE (_end = .)
                0x20000278                        . = (. + _Min_Heap_Size)
 *fill*         0x20000078      0x200 
                0x20000678                        . = (. + _Min_Stack_Size)
 *fill*         0x20000278      0x400 
                0x20000678                        . = ALIGN (0x8)

/DISCARD/
 libc.a(*)
 libm.a(*)
 libgcc.a(*)
OUTPUT(RESEARCH.elf elf32-littlearm)
LOAD linker stubs
LOAD D:/Clion/environment/arm-gnu-toolchain-14.2.rel1-mingw-w64-x86_64-arm-none-eabi/bin/../lib/gcc/arm-none-eabi/14.2.1/thumb/v7-m/nofp\libc.a
LOAD D:/Clion/environment/arm-gnu-toolchain-14.2.rel1-mingw-w64-x86_64-arm-none-eabi/bin/../lib/gcc/arm-none-eabi/14.2.1/thumb/v7-m/nofp\libm.a
LOAD D:/Clion/environment/arm-gnu-toolchain-14.2.rel1-mingw-w64-x86_64-arm-none-eabi/bin/../lib/gcc/arm-none-eabi/14.2.1/thumb/v7-m/nofp\libgcc.a

.ARM.attributes
                0x00000000       0x29
 .ARM.attributes
                0x00000000       0x1d D:/Clion/environment/arm-gnu-toolchain-14.2.rel1-mingw-w64-x86_64-arm-none-eabi/bin/../lib/gcc/arm-none-eabi/14.2.1/thumb/v7-m/nofp/crti.o
 .ARM.attributes
                0x0000001d       0x2d D:/Clion/environment/arm-gnu-toolchain-14.2.rel1-mingw-w64-x86_64-arm-none-eabi/bin/../lib/gcc/arm-none-eabi/14.2.1/thumb/v7-m/nofp/crtbegin.o
 .ARM.attributes
                0x0000004a       0x2d D:/Clion/environment/arm-gnu-toolchain-14.2.rel1-mingw-w64-x86_64-arm-none-eabi/bin/../lib/gcc/arm-none-eabi/14.2.1/thumb/v7-m/nofp\libc_nano.a(libc_a-memset.o)
 .ARM.attributes
                0x00000077       0x2d D:/Clion/environment/arm-gnu-toolchain-14.2.rel1-mingw-w64-x86_64-arm-none-eabi/bin/../lib/gcc/arm-none-eabi/14.2.1/thumb/v7-m/nofp\libc_nano.a(libc_a-init.o)
 .ARM.attributes
                0x000000a4       0x2d CMakeFiles/RESEARCH.dir/Core/Src/main.c.obj
 .ARM.attributes
                0x000000d1       0x2d CMakeFiles/RESEARCH.dir/Core/Src/gpio.c.obj
 .ARM.attributes
                0x000000fe       0x2d CMakeFiles/RESEARCH.dir/Core/Src/usart.c.obj
 .ARM.attributes
                0x0000012b       0x2d CMakeFiles/RESEARCH.dir/Core/Src/stm32f1xx_it.c.obj
 .ARM.attributes
                0x00000158       0x2d CMakeFiles/RESEARCH.dir/Core/Src/stm32f1xx_hal_msp.c.obj
 .ARM.attributes
                0x00000185       0x2d CMakeFiles/RESEARCH.dir/Drivers/STM32F1xx_HAL_Driver/Src/stm32f1xx_hal_uart.c.obj
 .ARM.attributes
                0x000001b2       0x2d CMakeFiles/RESEARCH.dir/Drivers/STM32F1xx_HAL_Driver/Src/stm32f1xx_hal.c.obj
 .ARM.attributes
                0x000001df       0x2d CMakeFiles/RESEARCH.dir/Drivers/STM32F1xx_HAL_Driver/Src/stm32f1xx_hal_rcc.c.obj
 .ARM.attributes
                0x0000020c       0x2d CMakeFiles/RESEARCH.dir/Drivers/STM32F1xx_HAL_Driver/Src/stm32f1xx_hal_gpio.c.obj
 .ARM.attributes
                0x00000239       0x2d CMakeFiles/RESEARCH.dir/Drivers/STM32F1xx_HAL_Driver/Src/stm32f1xx_hal_cortex.c.obj
 .ARM.attributes
                0x00000266       0x2d CMakeFiles/RESEARCH.dir/Core/Src/system_stm32f1xx.c.obj
 .ARM.attributes
                0x00000293       0x21 CMakeFiles/RESEARCH.dir/startup_stm32f103xb.s.obj
 .ARM.attributes
                0x000002b4       0x2d D:/Clion/environment/arm-gnu-toolchain-14.2.rel1-mingw-w64-x86_64-arm-none-eabi/bin/../lib/gcc/arm-none-eabi/14.2.1/thumb/v7-m/nofp/crtend.o
 .ARM.attributes
                0x000002e1       0x1d D:/Clion/environment/arm-gnu-toolchain-14.2.rel1-mingw-w64-x86_64-arm-none-eabi/bin/../lib/gcc/arm-none-eabi/14.2.1/thumb/v7-m/nofp/crtn.o

.comment        0x00000000       0x45
 .comment       0x00000000       0x45 CMakeFiles/RESEARCH.dir/Core/Src/main.c.obj
                                 0x46 (size before relaxing)
 .comment       0x00000045       0x46 CMakeFiles/RESEARCH.dir/Core/Src/gpio.c.obj
 .comment       0x00000045       0x46 CMakeFiles/RESEARCH.dir/Core/Src/usart.c.obj
 .comment       0x00000045       0x46 CMakeFiles/RESEARCH.dir/Core/Src/stm32f1xx_it.c.obj
 .comment       0x00000045       0x46 CMakeFiles/RESEARCH.dir/Core/Src/stm32f1xx_hal_msp.c.obj
 .comment       0x00000045       0x46 CMakeFiles/RESEARCH.dir/Drivers/STM32F1xx_HAL_Driver/Src/stm32f1xx_hal_uart.c.obj
 .comment       0x00000045       0x46 CMakeFiles/RESEARCH.dir/Drivers/STM32F1xx_HAL_Driver/Src/stm32f1xx_hal.c.obj
 .comment       0x00000045       0x46 CMakeFiles/RESEARCH.dir/Drivers/STM32F1xx_HAL_Driver/Src/stm32f1xx_hal_rcc.c.obj
 .comment       0x00000045       0x46 CMakeFiles/RESEARCH.dir/Drivers/STM32F1xx_HAL_Driver/Src/stm32f1xx_hal_gpio.c.obj
 .comment       0x00000045       0x46 CMakeFiles/RESEARCH.dir/Drivers/STM32F1xx_HAL_Driver/Src/stm32f1xx_hal_cortex.c.obj
 .comment       0x00000045       0x46 CMakeFiles/RESEARCH.dir/Core/Src/system_stm32f1xx.c.obj

.debug_frame    0x00000000     0x1710
 .debug_frame   0x00000000       0x20 D:/Clion/environment/arm-gnu-toolchain-14.2.rel1-mingw-w64-x86_64-arm-none-eabi/bin/../lib/gcc/arm-none-eabi/14.2.1/thumb/v7-m/nofp\libc_nano.a(libc_a-memset.o)
 .debug_frame   0x00000020       0x2c D:/Clion/environment/arm-gnu-toolchain-14.2.rel1-mingw-w64-x86_64-arm-none-eabi/bin/../lib/gcc/arm-none-eabi/14.2.1/thumb/v7-m/nofp\libc_nano.a(libc_a-init.o)
 .debug_frame   0x0000004c       0x68 CMakeFiles/RESEARCH.dir/Core/Src/main.c.obj
 .debug_frame   0x000000b4       0x34 CMakeFiles/RESEARCH.dir/Core/Src/gpio.c.obj
 .debug_frame   0x000000e8       0x74 CMakeFiles/RESEARCH.dir/Core/Src/usart.c.obj
 .debug_frame   0x0000015c      0x120 CMakeFiles/RESEARCH.dir/Core/Src/stm32f1xx_it.c.obj
 .debug_frame   0x0000027c       0x38 CMakeFiles/RESEARCH.dir/Core/Src/stm32f1xx_hal_msp.c.obj
 .debug_frame   0x000002b4      0x944 CMakeFiles/RESEARCH.dir/Drivers/STM32F1xx_HAL_Driver/Src/stm32f1xx_hal_uart.c.obj
 .debug_frame   0x00000bf8      0x334 CMakeFiles/RESEARCH.dir/Drivers/STM32F1xx_HAL_Driver/Src/stm32f1xx_hal.c.obj
 .debug_frame   0x00000f2c      0x218 CMakeFiles/RESEARCH.dir/Drivers/STM32F1xx_HAL_Driver/Src/stm32f1xx_hal_rcc.c.obj
 .debug_frame   0x00001144      0x14c CMakeFiles/RESEARCH.dir/Drivers/STM32F1xx_HAL_Driver/Src/stm32f1xx_hal_gpio.c.obj
 .debug_frame   0x00001290      0x428 CMakeFiles/RESEARCH.dir/Drivers/STM32F1xx_HAL_Driver/Src/stm32f1xx_hal_cortex.c.obj
 .debug_frame   0x000016b8       0x58 CMakeFiles/RESEARCH.dir/Core/Src/system_stm32f1xx.c.obj

.debug_info     0x00000000     0x62b2
 .debug_info    0x00000000      0x346 CMakeFiles/RESEARCH.dir/Core/Src/main.c.obj
 .debug_info    0x00000346      0x44e CMakeFiles/RESEARCH.dir/Core/Src/gpio.c.obj
 .debug_info    0x00000794      0x798 CMakeFiles/RESEARCH.dir/Core/Src/usart.c.obj
 .debug_info    0x00000f2c      0x14b CMakeFiles/RESEARCH.dir/Core/Src/stm32f1xx_it.c.obj
 .debug_info    0x00001077      0x1f1 CMakeFiles/RESEARCH.dir/Core/Src/stm32f1xx_hal_msp.c.obj
 .debug_info    0x00001268     0x2eed CMakeFiles/RESEARCH.dir/Drivers/STM32F1xx_HAL_Driver/Src/stm32f1xx_hal_uart.c.obj
 .debug_info    0x00004155      0x704 CMakeFiles/RESEARCH.dir/Drivers/STM32F1xx_HAL_Driver/Src/stm32f1xx_hal.c.obj
 .debug_info    0x00004859      0x7d5 CMakeFiles/RESEARCH.dir/Drivers/STM32F1xx_HAL_Driver/Src/stm32f1xx_hal_rcc.c.obj
 .debug_info    0x0000502e      0x5ab CMakeFiles/RESEARCH.dir/Drivers/STM32F1xx_HAL_Driver/Src/stm32f1xx_hal_gpio.c.obj
 .debug_info    0x000055d9      0xa87 CMakeFiles/RESEARCH.dir/Drivers/STM32F1xx_HAL_Driver/Src/stm32f1xx_hal_cortex.c.obj
 .debug_info    0x00006060      0x222 CMakeFiles/RESEARCH.dir/Core/Src/system_stm32f1xx.c.obj
 .debug_info    0x00006282       0x30 CMakeFiles/RESEARCH.dir/startup_stm32f103xb.s.obj

.debug_abbrev   0x00000000     0x146c
 .debug_abbrev  0x00000000      0x1d9 CMakeFiles/RESEARCH.dir/Core/Src/main.c.obj
 .debug_abbrev  0x000001d9      0x161 CMakeFiles/RESEARCH.dir/Core/Src/gpio.c.obj
 .debug_abbrev  0x0000033a      0x1e6 CMakeFiles/RESEARCH.dir/Core/Src/usart.c.obj
 .debug_abbrev  0x00000520       0xa0 CMakeFiles/RESEARCH.dir/Core/Src/stm32f1xx_it.c.obj
 .debug_abbrev  0x000005c0       0xdb CMakeFiles/RESEARCH.dir/Core/Src/stm32f1xx_hal_msp.c.obj
 .debug_abbrev  0x0000069b      0x2f8 CMakeFiles/RESEARCH.dir/Drivers/STM32F1xx_HAL_Driver/Src/stm32f1xx_hal_uart.c.obj
 .debug_abbrev  0x00000993      0x201 CMakeFiles/RESEARCH.dir/Drivers/STM32F1xx_HAL_Driver/Src/stm32f1xx_hal.c.obj
 .debug_abbrev  0x00000b94      0x2b3 CMakeFiles/RESEARCH.dir/Drivers/STM32F1xx_HAL_Driver/Src/stm32f1xx_hal_rcc.c.obj
 .debug_abbrev  0x00000e47      0x1ca CMakeFiles/RESEARCH.dir/Drivers/STM32F1xx_HAL_Driver/Src/stm32f1xx_hal_gpio.c.obj
 .debug_abbrev  0x00001011      0x2f8 CMakeFiles/RESEARCH.dir/Drivers/STM32F1xx_HAL_Driver/Src/stm32f1xx_hal_cortex.c.obj
 .debug_abbrev  0x00001309      0x13f CMakeFiles/RESEARCH.dir/Core/Src/system_stm32f1xx.c.obj
 .debug_abbrev  0x00001448       0x24 CMakeFiles/RESEARCH.dir/startup_stm32f103xb.s.obj

.debug_aranges  0x00000000      0x628
 .debug_aranges
                0x00000000       0x30 CMakeFiles/RESEARCH.dir/Core/Src/main.c.obj
 .debug_aranges
                0x00000030       0x20 CMakeFiles/RESEARCH.dir/Core/Src/gpio.c.obj
 .debug_aranges
                0x00000050       0x30 CMakeFiles/RESEARCH.dir/Core/Src/usart.c.obj
 .debug_aranges
                0x00000080       0x68 CMakeFiles/RESEARCH.dir/Core/Src/stm32f1xx_it.c.obj
 .debug_aranges
                0x000000e8       0x20 CMakeFiles/RESEARCH.dir/Core/Src/stm32f1xx_hal_msp.c.obj
 .debug_aranges
                0x00000108      0x208 CMakeFiles/RESEARCH.dir/Drivers/STM32F1xx_HAL_Driver/Src/stm32f1xx_hal_uart.c.obj
 .debug_aranges
                0x00000310       0xe0 CMakeFiles/RESEARCH.dir/Drivers/STM32F1xx_HAL_Driver/Src/stm32f1xx_hal.c.obj
 .debug_aranges
                0x000003f0       0x90 CMakeFiles/RESEARCH.dir/Drivers/STM32F1xx_HAL_Driver/Src/stm32f1xx_hal_rcc.c.obj
 .debug_aranges
                0x00000480       0x58 CMakeFiles/RESEARCH.dir/Drivers/STM32F1xx_HAL_Driver/Src/stm32f1xx_hal_gpio.c.obj
 .debug_aranges
                0x000004d8      0x100 CMakeFiles/RESEARCH.dir/Drivers/STM32F1xx_HAL_Driver/Src/stm32f1xx_hal_cortex.c.obj
 .debug_aranges
                0x000005d8       0x28 CMakeFiles/RESEARCH.dir/Core/Src/system_stm32f1xx.c.obj
 .debug_aranges
                0x00000600       0x28 CMakeFiles/RESEARCH.dir/startup_stm32f103xb.s.obj

.debug_rnglists
                0x00000000      0x4a7
 .debug_rnglists
                0x00000000       0x20 CMakeFiles/RESEARCH.dir/Core/Src/main.c.obj
 .debug_rnglists
                0x00000020       0x14 CMakeFiles/RESEARCH.dir/Core/Src/gpio.c.obj
 .debug_rnglists
                0x00000034       0x1f CMakeFiles/RESEARCH.dir/Core/Src/usart.c.obj
 .debug_rnglists
                0x00000053       0x49 CMakeFiles/RESEARCH.dir/Core/Src/stm32f1xx_it.c.obj
 .debug_rnglists
                0x0000009c       0x13 CMakeFiles/RESEARCH.dir/Core/Src/stm32f1xx_hal_msp.c.obj
 .debug_rnglists
                0x000000af      0x1bc CMakeFiles/RESEARCH.dir/Drivers/STM32F1xx_HAL_Driver/Src/stm32f1xx_hal_uart.c.obj
 .debug_rnglists
                0x0000026b       0xa3 CMakeFiles/RESEARCH.dir/Drivers/STM32F1xx_HAL_Driver/Src/stm32f1xx_hal.c.obj
 .debug_rnglists
                0x0000030e       0x6c CMakeFiles/RESEARCH.dir/Drivers/STM32F1xx_HAL_Driver/Src/stm32f1xx_hal_rcc.c.obj
 .debug_rnglists
                0x0000037a       0x3f CMakeFiles/RESEARCH.dir/Drivers/STM32F1xx_HAL_Driver/Src/stm32f1xx_hal_gpio.c.obj
 .debug_rnglists
                0x000003b9       0xbb CMakeFiles/RESEARCH.dir/Drivers/STM32F1xx_HAL_Driver/Src/stm32f1xx_hal_cortex.c.obj
 .debug_rnglists
                0x00000474       0x1a CMakeFiles/RESEARCH.dir/Core/Src/system_stm32f1xx.c.obj
 .debug_rnglists
                0x0000048e       0x19 CMakeFiles/RESEARCH.dir/startup_stm32f103xb.s.obj

.debug_macro    0x00000000    0x1619e
 .debug_macro   0x00000000      0x1b5 CMakeFiles/RESEARCH.dir/Core/Src/main.c.obj
 .debug_macro   0x000001b5      0xacc CMakeFiles/RESEARCH.dir/Core/Src/main.c.obj
 .debug_macro   0x00000c81      0x215 CMakeFiles/RESEARCH.dir/Core/Src/main.c.obj
 .debug_macro   0x00000e96       0x2e CMakeFiles/RESEARCH.dir/Core/Src/main.c.obj
 .debug_macro   0x00000ec4       0x22 CMakeFiles/RESEARCH.dir/Core/Src/main.c.obj
 .debug_macro   0x00000ee6       0x22 CMakeFiles/RESEARCH.dir/Core/Src/main.c.obj
 .debug_macro   0x00000f08       0x8e CMakeFiles/RESEARCH.dir/Core/Src/main.c.obj
 .debug_macro   0x00000f96       0x51 CMakeFiles/RESEARCH.dir/Core/Src/main.c.obj
 .debug_macro   0x00000fe7      0x103 CMakeFiles/RESEARCH.dir/Core/Src/main.c.obj
 .debug_macro   0x000010ea       0x6a CMakeFiles/RESEARCH.dir/Core/Src/main.c.obj
 .debug_macro   0x00001154      0x1df CMakeFiles/RESEARCH.dir/Core/Src/main.c.obj
 .debug_macro   0x00001333       0x1c CMakeFiles/RESEARCH.dir/Core/Src/main.c.obj
 .debug_macro   0x0000134f       0x22 CMakeFiles/RESEARCH.dir/Core/Src/main.c.obj
 .debug_macro   0x00001371       0xbd CMakeFiles/RESEARCH.dir/Core/Src/main.c.obj
 .debug_macro   0x0000142e      0xd23 CMakeFiles/RESEARCH.dir/Core/Src/main.c.obj
 .debug_macro   0x00002151     0xe09e CMakeFiles/RESEARCH.dir/Core/Src/main.c.obj
 .debug_macro   0x000101ef       0x6d CMakeFiles/RESEARCH.dir/Core/Src/main.c.obj
 .debug_macro   0x0001025c     0x34a2 CMakeFiles/RESEARCH.dir/Core/Src/main.c.obj
 .debug_macro   0x000136fe      0x190 CMakeFiles/RESEARCH.dir/Core/Src/main.c.obj
 .debug_macro   0x0001388e       0x5c CMakeFiles/RESEARCH.dir/Core/Src/main.c.obj
 .debug_macro   0x000138ea      0x5bc CMakeFiles/RESEARCH.dir/Core/Src/main.c.obj
 .debug_macro   0x00013ea6      0x289 CMakeFiles/RESEARCH.dir/Core/Src/main.c.obj
 .debug_macro   0x0001412f      0x1cb CMakeFiles/RESEARCH.dir/Core/Src/main.c.obj
 .debug_macro   0x000142fa      0x114 CMakeFiles/RESEARCH.dir/Core/Src/main.c.obj
 .debug_macro   0x0001440e      0x1b2 CMakeFiles/RESEARCH.dir/Core/Src/main.c.obj
 .debug_macro   0x000145c0       0x27 CMakeFiles/RESEARCH.dir/Core/Src/main.c.obj
 .debug_macro   0x000145e7      0x136 CMakeFiles/RESEARCH.dir/Core/Src/main.c.obj
 .debug_macro   0x0001471d      0x1bc CMakeFiles/RESEARCH.dir/Core/Src/main.c.obj
 .debug_macro   0x000148d9       0x34 CMakeFiles/RESEARCH.dir/Core/Src/main.c.obj
 .debug_macro   0x0001490d       0x3c CMakeFiles/RESEARCH.dir/Core/Src/main.c.obj
 .debug_macro   0x00014949       0x57 CMakeFiles/RESEARCH.dir/Core/Src/main.c.obj
 .debug_macro   0x000149a0       0x87 CMakeFiles/RESEARCH.dir/Core/Src/main.c.obj
 .debug_macro   0x00014a27      0x240 CMakeFiles/RESEARCH.dir/Core/Src/main.c.obj
 .debug_macro   0x00014c67      0x140 CMakeFiles/RESEARCH.dir/Core/Src/main.c.obj
 .debug_macro   0x00014da7      0x28e CMakeFiles/RESEARCH.dir/Core/Src/main.c.obj
 .debug_macro   0x00015035       0x83 CMakeFiles/RESEARCH.dir/Core/Src/main.c.obj
 .debug_macro   0x000150b8       0x5e CMakeFiles/RESEARCH.dir/Core/Src/main.c.obj
 .debug_macro   0x00015116      0x1a7 CMakeFiles/RESEARCH.dir/Core/Src/gpio.c.obj
 .debug_macro   0x000152bd      0x1a7 CMakeFiles/RESEARCH.dir/Core/Src/usart.c.obj
 .debug_macro   0x00015464      0x1a7 CMakeFiles/RESEARCH.dir/Core/Src/stm32f1xx_it.c.obj
 .debug_macro   0x0001560b      0x19d CMakeFiles/RESEARCH.dir/Core/Src/stm32f1xx_hal_msp.c.obj
 .debug_macro   0x000157a8      0x18f CMakeFiles/RESEARCH.dir/Drivers/STM32F1xx_HAL_Driver/Src/stm32f1xx_hal_uart.c.obj
 .debug_macro   0x00015937      0x1b2 CMakeFiles/RESEARCH.dir/Drivers/STM32F1xx_HAL_Driver/Src/stm32f1xx_hal.c.obj
 .debug_macro   0x00015ae9      0x1a0 CMakeFiles/RESEARCH.dir/Drivers/STM32F1xx_HAL_Driver/Src/stm32f1xx_hal_rcc.c.obj
 .debug_macro   0x00015c89      0x1f9 CMakeFiles/RESEARCH.dir/Drivers/STM32F1xx_HAL_Driver/Src/stm32f1xx_hal_gpio.c.obj
 .debug_macro   0x00015e82      0x18e CMakeFiles/RESEARCH.dir/Drivers/STM32F1xx_HAL_Driver/Src/stm32f1xx_hal_cortex.c.obj
 .debug_macro   0x00016010      0x18e CMakeFiles/RESEARCH.dir/Core/Src/system_stm32f1xx.c.obj

.debug_line     0x00000000     0x7501
 .debug_line    0x00000000      0x69c CMakeFiles/RESEARCH.dir/Core/Src/main.c.obj
 .debug_line    0x0000069c      0x62e CMakeFiles/RESEARCH.dir/Core/Src/gpio.c.obj
 .debug_line    0x00000cca      0x67c CMakeFiles/RESEARCH.dir/Core/Src/usart.c.obj
 .debug_line    0x00001346      0x6d9 CMakeFiles/RESEARCH.dir/Core/Src/stm32f1xx_it.c.obj
 .debug_line    0x00001a1f      0x613 CMakeFiles/RESEARCH.dir/Core/Src/stm32f1xx_hal_msp.c.obj
 .debug_line    0x00002032     0x23de CMakeFiles/RESEARCH.dir/Drivers/STM32F1xx_HAL_Driver/Src/stm32f1xx_hal_uart.c.obj
 .debug_line    0x00004410      0x8c2 CMakeFiles/RESEARCH.dir/Drivers/STM32F1xx_HAL_Driver/Src/stm32f1xx_hal.c.obj
 .debug_line    0x00004cd2      0xd7b CMakeFiles/RESEARCH.dir/Drivers/STM32F1xx_HAL_Driver/Src/stm32f1xx_hal_rcc.c.obj
 .debug_line    0x00005a4d      0x91f CMakeFiles/RESEARCH.dir/Drivers/STM32F1xx_HAL_Driver/Src/stm32f1xx_hal_gpio.c.obj
 .debug_line    0x0000636c      0xa8c CMakeFiles/RESEARCH.dir/Drivers/STM32F1xx_HAL_Driver/Src/stm32f1xx_hal_cortex.c.obj
 .debug_line    0x00006df8      0x691 CMakeFiles/RESEARCH.dir/Core/Src/system_stm32f1xx.c.obj
 .debug_line    0x00007489       0x78 CMakeFiles/RESEARCH.dir/startup_stm32f103xb.s.obj

.debug_str      0x00000000    0x7e665
 .debug_str     0x00000000    0x7e665 CMakeFiles/RESEARCH.dir/Core/Src/main.c.obj
                              0x7cd10 (size before relaxing)
 .debug_str     0x0007e665    0x7ceef CMakeFiles/RESEARCH.dir/Core/Src/gpio.c.obj
 .debug_str     0x0007e665    0x7d030 CMakeFiles/RESEARCH.dir/Core/Src/usart.c.obj
 .debug_str     0x0007e665    0x7cbc7 CMakeFiles/RESEARCH.dir/Core/Src/stm32f1xx_it.c.obj
 .debug_str     0x0007e665    0x7cb70 CMakeFiles/RESEARCH.dir/Core/Src/stm32f1xx_hal_msp.c.obj
 .debug_str     0x0007e665    0x7d4f9 CMakeFiles/RESEARCH.dir/Drivers/STM32F1xx_HAL_Driver/Src/stm32f1xx_hal_uart.c.obj
 .debug_str     0x0007e665    0x7d18c CMakeFiles/RESEARCH.dir/Drivers/STM32F1xx_HAL_Driver/Src/stm32f1xx_hal.c.obj
 .debug_str     0x0007e665    0x7ce88 CMakeFiles/RESEARCH.dir/Drivers/STM32F1xx_HAL_Driver/Src/stm32f1xx_hal_rcc.c.obj
 .debug_str     0x0007e665    0x7cddf CMakeFiles/RESEARCH.dir/Drivers/STM32F1xx_HAL_Driver/Src/stm32f1xx_hal_gpio.c.obj
 .debug_str     0x0007e665    0x7d0d8 CMakeFiles/RESEARCH.dir/Drivers/STM32F1xx_HAL_Driver/Src/stm32f1xx_hal_cortex.c.obj
 .debug_str     0x0007e665    0x7ca59 CMakeFiles/RESEARCH.dir/Core/Src/system_stm32f1xx.c.obj
 .debug_str     0x0007e665       0x98 CMakeFiles/RESEARCH.dir/startup_stm32f103xb.s.obj

.debug_line_str
                0x00000000       0x7c
 .debug_line_str
                0x00000000       0x7c CMakeFiles/RESEARCH.dir/startup_stm32f103xb.s.obj
